2026-08-31 11:12:26,943  [INFO    ]  main - ============================================================
2026-08-31 11:12:26,943  [INFO    ]  main -   VERIFAI Document Automation - Starting
2026-08-31 11:12:26,943  [INFO    ]  main - ============================================================
2026-08-31 11:12:26,943  [INFO    ]  main - Input file : D:\ai_doc_automation\input\input_map.xlsx
2026-08-31 11:12:27,076  [WARNING ]  input_tracker - Could not save input_map.xlsx — it may be open in Excel. Close the file and the status will update on next write.
2026-08-31 11:12:27,086  [INFO    ]  main - Records to process: 438
2026-08-31 11:12:27,086  [INFO    ]  main - [DRY RUN] Checking file paths...
2026-08-31 11:12:27,143  [INFO    ]  main -   [OK]     Aadhaar Card                    D:\ai_doc_automation\Test Data\Adhar card  for Testing\Aadhar Card Test - Digi Locker.pdf
2026-08-31 11:12:27,143  [INFO    ]  main -   [OK]     Aadhaar Card                    D:\ai_doc_automation\Test Data\Adhar card  for Testing\Aadhar1.jpg
2026-08-31 11:12:27,144  [INFO    ]  main -   [OK]     Aadhaar Card                    D:\ai_doc_automation\Test Data\Adhar card  for Testing\Aadhar2.jpg
2026-08-31 11:12:27,145  [INFO    ]  main -   [OK]     Aadhaar Card                    D:\ai_doc_automation\Test Data\Adhar card  for Testing\Aadhar3.jpg
2026-08-31 11:12:27,145  [INFO    ]  main -   [OK]     Aadhaar Card                    D:\ai_doc_automation\Test Data\Adhar card  for Testing\Chinmaya Aadhara.pdf
2026-08-31 11:12:27,164  [INFO    ]  main -   [OK]     PAN Card                        D:\ai_doc_automation\Test Data\PAN card for Testing\PAN.jpg
2026-08-31 11:12:27,165  [INFO    ]  main -   [OK]     PAN Card                        D:\ai_doc_automation\Test Data\PAN card for Testing\PAN1.jpg
2026-08-31 11:12:27,169  [INFO    ]  main -   [OK]     PAN Card                        D:\ai_doc_automation\Test Data\PAN card for Testing\PAN2.jpg
2026-08-31 11:12:27,170  [INFO    ]  main -   [OK]     PAN Card                        D:\ai_doc_automation\Test Data\PAN card for Testing\Pancard.jpg
2026-08-31 11:12:27,181  [INFO    ]  main -   [OK]     PAN Card                        D:\ai_doc_automation\Test Data\PAN card for Testing\Pancard2.jpg
2026-08-31 11:12:27,186  [INFO    ]  main -   [OK]     Indian Passport                 D:\ai_doc_automation\Test Data\Passport for Testing\Indianpassportbiopage2025.jpg
2026-08-31 11:12:27,191  [INFO    ]  main -   [OK]     Indian Passport                 D:\ai_doc_automation\Test Data\Passport for Testing\indianpp.jpg
2026-08-31 11:12:27,192  [INFO    ]  main -   [OK]     Indian Passport                 D:\ai_doc_automation\Test Data\Passport for Testing\sample-indian-passport-1.jpg
2026-08-31 11:12:27,192  [INFO    ]  main -   [OK]     Driving Licence                 D:\ai_doc_automation\Test Data\DL for Testing\Dl_Odisha.jpg
2026-08-31 11:12:27,197  [INFO    ]  main -   [OK]     Driving Licence                 D:\ai_doc_automation\Test Data\DL for Testing\Driving Licence 2.jpg
2026-08-31 11:12:27,197  [INFO    ]  main -   [OK]     Driving Licence                 D:\ai_doc_automation\Test Data\DL for Testing\Driving Licence.pdf
2026-08-31 11:12:27,208  [INFO    ]  main -   [OK]     Driving Licence                 D:\ai_doc_automation\Test Data\DL for Testing\Driving License Image1.jpg
2026-08-31 11:12:27,208  [INFO    ]  main -   [OK]     Driving Licence                 D:\ai_doc_automation\Test Data\DL for Testing\Driving License Sample.jpg
2026-08-31 11:12:27,208  [INFO    ]  main -   [OK]     10th Marksheet                  D:\ai_doc_automation\Test Data\10th Marksheet for Testing\Document10_1053_page_0.png
2026-08-31 11:12:27,213  [INFO    ]  main -   [OK]     10th Marksheet                  D:\ai_doc_automation\Test Data\10th Marksheet for Testing\Document10_1054_page_0.png
2026-08-31 11:12:27,213  [INFO    ]  main -   [OK]     10th Marksheet                  D:\ai_doc_automation\Test Data\10th Marksheet for Testing\Document10_1055_page_0.png
2026-08-31 11:12:27,214  [INFO    ]  main -   [OK]     10th Marksheet                  D:\ai_doc_automation\Test Data\10th Marksheet for Testing\Document10_1056_page_0.png
2026-08-31 11:12:27,223  [INFO    ]  main -   [OK]     10th Marksheet                  D:\ai_doc_automation\Test Data\10th Marksheet for Testing\Document10_1057_page_0.png
2026-08-31 11:12:27,227  [INFO    ]  main -   [OK]     10th Marksheet                  D:\ai_doc_automation\Test Data\10th Marksheet for Testing\Document10_1058_page_0.png
2026-08-31 11:12:27,227  [INFO    ]  main -   [OK]     10th Marksheet                  D:\ai_doc_automation\Test Data\10th Marksheet for Testing\Document10_1059_page_0.png
2026-08-31 11:12:27,229  [INFO    ]  main -   [OK]     10th Marksheet                  D:\ai_doc_automation\Test Data\10th Marksheet for Testing\Document10_1060_page_0.png
2026-08-31 11:12:27,232  [INFO    ]  main -   [OK]     10th Marksheet                  D:\ai_doc_automation\Test Data\10th Marksheet for Testing\Document10_1061_page_0.png
2026-08-31 11:12:27,232  [INFO    ]  main -   [OK]     10th Marksheet                  D:\ai_doc_automation\Test Data\10th Marksheet for Testing\Document10_1062_page_0.png
2026-08-31 11:12:27,233  [INFO    ]  main -   [OK]     10th Marksheet                  D:\ai_doc_automation\Test Data\10th Marksheet for Testing\Document10_1065_page_0.png
2026-08-31 11:12:27,233  [INFO    ]  main -   [OK]     10th Marksheet                  D:\ai_doc_automation\Test Data\10th Marksheet for Testing\Document10_1066_page_0.png
2026-08-31 11:12:27,238  [INFO    ]  main -   [OK]     10th Marksheet                  D:\ai_doc_automation\Test Data\10th Marksheet for Testing\Document10_1067_page_0.png
2026-08-31 11:12:27,238  [INFO    ]  main -   [OK]     10th Marksheet                  D:\ai_doc_automation\Test Data\10th Marksheet for Testing\Document10_1068_page_0.png
2026-08-31 11:12:27,238  [INFO    ]  main -   [OK]     10th Marksheet                  D:\ai_doc_automation\Test Data\10th Marksheet for Testing\Document10_1069_page_0.png
2026-08-31 11:12:27,239  [INFO    ]  main -   [OK]     10th Marksheet                  D:\ai_doc_automation\Test Data\10th Marksheet for Testing\Document10_1070_page_0.png
2026-08-31 11:12:27,249  [INFO    ]  main -   [OK]     10th Marksheet                  D:\ai_doc_automation\Test Data\10th Marksheet for Testing\Document10_1071_page_0.png
2026-08-31 11:12:27,250  [INFO    ]  main -   [OK]     10th Marksheet                  D:\ai_doc_automation\Test Data\10th Marksheet for Testing\Document10_1072_page_0.png
2026-08-31 11:12:27,250  [INFO    ]  main -   [OK]     10th Marksheet                  D:\ai_doc_automation\Test Data\10th Marksheet for Testing\Document10_1073_page_0.png
2026-08-31 11:12:27,250  [INFO    ]  main -   [OK]     10th Marksheet                  D:\ai_doc_automation\Test Data\10th Marksheet for Testing\Document10_1074_page_0.png
2026-08-31 11:12:27,250  [INFO    ]  main -   [OK]     10th Marksheet                  D:\ai_doc_automation\Test Data\10th Marksheet for Testing\Document10_1077_page_0.png
2026-08-31 11:12:27,250  [INFO    ]  main -   [OK]     10th Marksheet                  D:\ai_doc_automation\Test Data\10th Marksheet for Testing\Document10_1078_page_0.png
2026-08-31 11:12:27,250  [INFO    ]  main -   [OK]     10th Marksheet                  D:\ai_doc_automation\Test Data\10th Marksheet for Testing\Document10_1079_page_0.png
2026-08-31 11:12:27,250  [INFO    ]  main -   [OK]     10th Marksheet                  D:\ai_doc_automation\Test Data\10th Marksheet for Testing\Document10_1080_page_0.png
2026-08-31 11:12:27,253  [INFO    ]  main -   [OK]     10th Marksheet                  D:\ai_doc_automation\Test Data\10th Marksheet for Testing\Document10_1081_page_0.png
2026-08-31 11:12:27,258  [INFO    ]  main -   [OK]     10th Marksheet                  D:\ai_doc_automation\Test Data\10th Marksheet for Testing\Document10_1082_page_0.png
2026-08-31 11:12:27,261  [INFO    ]  main -   [OK]     10th Marksheet                  D:\ai_doc_automation\Test Data\10th Marksheet for Testing\Document10_1083_page_0.png
2026-08-31 11:12:27,262  [INFO    ]  main -   [OK]     10th Marksheet                  D:\ai_doc_automation\Test Data\10th Marksheet for Testing\Document10_1084_page_0.png
2026-08-31 11:12:27,262  [INFO    ]  main -   [OK]     10th Marksheet                  D:\ai_doc_automation\Test Data\10th Marksheet for Testing\Document10_1085_page_0.png
2026-08-31 11:12:27,271  [INFO    ]  main -   [OK]     10th Marksheet                  D:\ai_doc_automation\Test Data\10th Marksheet for Testing\Document10_1086_page_0.png
2026-08-31 11:12:27,271  [INFO    ]  main -   [OK]     10th Marksheet                  D:\ai_doc_automation\Test Data\10th Marksheet for Testing\Document10_1089_page_0.png
2026-08-31 11:12:27,272  [INFO    ]  main -   [OK]     10th Marksheet                  D:\ai_doc_automation\Test Data\10th Marksheet for Testing\Document10_1090_page_0.png
2026-08-31 11:12:27,273  [INFO    ]  main -   [OK]     10th Marksheet                  D:\ai_doc_automation\Test Data\10th Marksheet for Testing\Document10_1091_page_0.png
2026-08-31 11:12:27,277  [INFO    ]  main -   [OK]     10th Marksheet                  D:\ai_doc_automation\Test Data\10th Marksheet for Testing\Document10_1092_page_0.png
2026-08-31 11:12:27,278  [INFO    ]  main -   [OK]     10th Marksheet                  D:\ai_doc_automation\Test Data\10th Marksheet for Testing\Document10_1093_page_0.png
2026-08-31 11:12:27,278  [INFO    ]  main -   [OK]     10th Marksheet                  D:\ai_doc_automation\Test Data\10th Marksheet for Testing\Document10_1094_page_0.png
2026-08-31 11:12:27,279  [INFO    ]  main -   [OK]     10th Marksheet                  D:\ai_doc_automation\Test Data\10th Marksheet for Testing\Document10_1095_page_0.png
2026-08-31 11:12:27,283  [INFO    ]  main -   [OK]     10th Marksheet                  D:\ai_doc_automation\Test Data\10th Marksheet for Testing\Document10_1096_page_0.png
2026-08-31 11:12:27,283  [INFO    ]  main -   [OK]     10th Marksheet                  D:\ai_doc_automation\Test Data\10th Marksheet for Testing\Document10_1097_page_0.png
2026-08-31 11:12:27,285  [INFO    ]  main -   [OK]     10th Marksheet                  D:\ai_doc_automation\Test Data\10th Marksheet for Testing\Document10_1098_page_0.png
2026-08-31 11:12:27,285  [INFO    ]  main -   [OK]     10th Marksheet                  D:\ai_doc_automation\Test Data\10th Marksheet for Testing\Document10_1101_page_0.png
2026-08-31 11:12:27,288  [INFO    ]  main -   [OK]     10th Marksheet                  D:\ai_doc_automation\Test Data\10th Marksheet for Testing\Document10_1102_page_0.png
2026-08-31 11:12:27,288  [INFO    ]  main -   [OK]     10th Marksheet                  D:\ai_doc_automation\Test Data\10th Marksheet for Testing\Document10_1103_page_0.png
2026-08-31 11:12:27,288  [INFO    ]  main -   [OK]     10th Marksheet                  D:\ai_doc_automation\Test Data\10th Marksheet for Testing\Document10_1104_page_0.png
2026-08-31 11:12:27,289  [INFO    ]  main -   [OK]     10th Marksheet                  D:\ai_doc_automation\Test Data\10th Marksheet for Testing\Document10_1105_page_0.png
2026-08-31 11:12:27,299  [INFO    ]  main -   [OK]     10th Marksheet                  D:\ai_doc_automation\Test Data\10th Marksheet for Testing\Document10_1106_page_0.png
2026-08-31 11:12:27,299  [INFO    ]  main -   [OK]     10th Marksheet                  D:\ai_doc_automation\Test Data\10th Marksheet for Testing\Document10_1107_page_0.png
2026-08-31 11:12:27,301  [INFO    ]  main -   [OK]     10th Marksheet                  D:\ai_doc_automation\Test Data\10th Marksheet for Testing\Document10_1108_page_0.png
2026-08-31 11:12:27,301  [INFO    ]  main -   [OK]     10th Marksheet                  D:\ai_doc_automation\Test Data\10th Marksheet for Testing\Document10_1109_page_0.png
2026-08-31 11:12:27,306  [INFO    ]  main -   [OK]     10th Marksheet                  D:\ai_doc_automation\Test Data\10th Marksheet for Testing\Document10_1110_page_0.png
2026-08-31 11:12:27,314  [INFO    ]  main -   [OK]     10th Marksheet                  D:\ai_doc_automation\Test Data\10th Marksheet for Testing\Document10_1113_page_0.png
2026-08-31 11:12:27,329  [INFO    ]  main -   [OK]     10th Marksheet                  D:\ai_doc_automation\Test Data\10th Marksheet for Testing\Document10_1114_page_0.png
2026-08-31 11:12:27,329  [INFO    ]  main -   [OK]     10th Marksheet                  D:\ai_doc_automation\Test Data\10th Marksheet for Testing\Document10_1115_page_0.png
2026-08-31 11:12:27,330  [INFO    ]  main -   [OK]     10th Marksheet                  D:\ai_doc_automation\Test Data\10th Marksheet for Testing\Document10_1116_page_0.png
2026-08-31 11:12:27,330  [INFO    ]  main -   [OK]     10th Marksheet                  D:\ai_doc_automation\Test Data\10th Marksheet for Testing\Document10_1117_page_0.png
2026-08-31 11:12:27,330  [INFO    ]  main -   [OK]     10th Marksheet                  D:\ai_doc_automation\Test Data\10th Marksheet for Testing\Document10_1118_page_0.png
2026-08-31 11:12:27,330  [INFO    ]  main -   [OK]     10th Marksheet                  D:\ai_doc_automation\Test Data\10th Marksheet for Testing\Document10_1119_page_0.png
2026-08-31 11:12:27,330  [INFO    ]  main -   [OK]     10th Marksheet                  D:\ai_doc_automation\Test Data\10th Marksheet for Testing\Document10_1120_page_0.png
2026-08-31 11:12:27,330  [INFO    ]  main -   [OK]     10th Marksheet                  D:\ai_doc_automation\Test Data\10th Marksheet for Testing\Document10_1121_page_0.png
2026-08-31 11:12:27,348  [INFO    ]  main -   [OK]     10th Marksheet                  D:\ai_doc_automation\Test Data\10th Marksheet for Testing\Document10_1122_page_0.png
2026-08-31 11:12:27,348  [INFO    ]  main -   [OK]     10th Marksheet                  D:\ai_doc_automation\Test Data\10th Marksheet for Testing\Document10_1125_page_0.png
2026-08-31 11:12:27,349  [INFO    ]  main -   [OK]     10th Marksheet                  D:\ai_doc_automation\Test Data\10th Marksheet for Testing\Document10_1126_page_0.png
2026-08-31 11:12:27,349  [INFO    ]  main -   [OK]     10th Marksheet                  D:\ai_doc_automation\Test Data\10th Marksheet for Testing\Document10_1127_page_0.png
2026-08-31 11:12:27,362  [INFO    ]  main -   [OK]     10th Marksheet                  D:\ai_doc_automation\Test Data\10th Marksheet for Testing\Document10_1128_page_0.png
2026-08-31 11:12:27,363  [INFO    ]  main -   [OK]     10th Marksheet                  D:\ai_doc_automation\Test Data\10th Marksheet for Testing\Document10_1129_page_0.png
2026-08-31 11:12:27,363  [INFO    ]  main -   [OK]     10th Marksheet                  D:\ai_doc_automation\Test Data\10th Marksheet for Testing\Document10_1130_page_0.png
2026-08-31 11:12:27,363  [INFO    ]  main -   [OK]     10th Marksheet                  D:\ai_doc_automation\Test Data\10th Marksheet for Testing\Document10_1131_page_0.png
2026-08-31 11:12:27,366  [INFO    ]  main -   [OK]     10th Marksheet                  D:\ai_doc_automation\Test Data\10th Marksheet for Testing\Document10_1132_page_0.png
2026-08-31 11:12:27,366  [INFO    ]  main -   [OK]     10th Marksheet                  D:\ai_doc_automation\Test Data\10th Marksheet for Testing\Document10_1133_page_0.png
2026-08-31 11:12:27,366  [INFO    ]  main -   [OK]     10th Marksheet                  D:\ai_doc_automation\Test Data\10th Marksheet for Testing\Document10_1134_page_0.png
2026-08-31 11:12:27,381  [INFO    ]  main -   [OK]     12th Marksheet                  D:\ai_doc_automation\Test Data\12th Certificate for Testing\Document11_188_page_0.png
2026-08-31 11:12:27,382  [INFO    ]  main -   [OK]     12th Marksheet                  D:\ai_doc_automation\Test Data\12th Certificate for Testing\Document11_189_page_0.png
2026-08-31 11:12:27,383  [INFO    ]  main -   [OK]     12th Marksheet                  D:\ai_doc_automation\Test Data\12th Certificate for Testing\Document11_190_page_0.png
2026-08-31 11:12:27,383  [INFO    ]  main -   [OK]     12th Marksheet                  D:\ai_doc_automation\Test Data\12th Certificate for Testing\Document11_191_page_0.png
2026-08-31 11:12:27,383  [INFO    ]  main -   [OK]     12th Marksheet                  D:\ai_doc_automation\Test Data\12th Certificate for Testing\Document11_192_page_0.png
2026-08-31 11:12:27,385  [INFO    ]  main -   [OK]     12th Marksheet                  D:\ai_doc_automation\Test Data\12th Certificate for Testing\Document11_193_page_0.png
2026-08-31 11:12:27,385  [INFO    ]  main -   [OK]     12th Marksheet                  D:\ai_doc_automation\Test Data\12th Certificate for Testing\Document11_194_page_0.png
2026-08-31 11:12:27,386  [INFO    ]  main -   [OK]     12th Marksheet                  D:\ai_doc_automation\Test Data\12th Certificate for Testing\Document11_195_page_0.png
2026-08-31 11:12:27,386  [INFO    ]  main -   [OK]     12th Marksheet                  D:\ai_doc_automation\Test Data\12th Certificate for Testing\Document11_196_page_0.png
2026-08-31 11:12:27,386  [INFO    ]  main -   [OK]     12th Marksheet                  D:\ai_doc_automation\Test Data\12th Certificate for Testing\Document11_197_page_0.png
2026-08-31 11:12:27,387  [INFO    ]  main -   [OK]     12th Marksheet                  D:\ai_doc_automation\Test Data\12th Certificate for Testing\Document11_198_page_0.png
2026-08-31 11:12:27,387  [INFO    ]  main -   [OK]     12th Marksheet                  D:\ai_doc_automation\Test Data\12th Certificate for Testing\Document11_198_page_1.png
2026-08-31 11:12:27,387  [INFO    ]  main -   [OK]     12th Marksheet                  D:\ai_doc_automation\Test Data\12th Certificate for Testing\Document11_199_page_0.png
2026-08-31 11:12:27,389  [INFO    ]  main -   [OK]     12th Marksheet                  D:\ai_doc_automation\Test Data\12th Certificate for Testing\Document11_200_page_0.png
2026-08-31 11:12:27,389  [INFO    ]  main -   [OK]     12th Marksheet                  D:\ai_doc_automation\Test Data\12th Certificate for Testing\Document11_201_page_0.png
2026-08-31 11:12:27,389  [INFO    ]  main -   [OK]     12th Marksheet                  D:\ai_doc_automation\Test Data\12th Certificate for Testing\Document11_202_page_0.png
2026-08-31 11:12:27,391  [INFO    ]  main -   [OK]     12th Marksheet                  D:\ai_doc_automation\Test Data\12th Certificate for Testing\Document11_203_page_0.png
2026-08-31 11:12:27,391  [INFO    ]  main -   [OK]     12th Marksheet                  D:\ai_doc_automation\Test Data\12th Certificate for Testing\Document11_204_page_0.png
2026-08-31 11:12:27,391  [INFO    ]  main -   [OK]     12th Marksheet                  D:\ai_doc_automation\Test Data\12th Certificate for Testing\Document11_205_page_0.png
2026-08-31 11:12:27,391  [INFO    ]  main -   [OK]     12th Marksheet                  D:\ai_doc_automation\Test Data\12th Certificate for Testing\Document11_206_page_0.png
2026-08-31 11:12:27,391  [INFO    ]  main -   [OK]     12th Marksheet                  D:\ai_doc_automation\Test Data\12th Certificate for Testing\Document11_207_page_0.png
2026-08-31 11:12:27,391  [INFO    ]  main -   [OK]     12th Marksheet                  D:\ai_doc_automation\Test Data\12th Certificate for Testing\Document11_208_page_0.png
2026-08-31 11:12:27,391  [INFO    ]  main -   [OK]     12th Marksheet                  D:\ai_doc_automation\Test Data\12th Certificate for Testing\Document11_209_page_0.png
2026-08-31 11:12:27,394  [INFO    ]  main -   [OK]     12th Marksheet                  D:\ai_doc_automation\Test Data\12th Certificate for Testing\Document11_210_page_0.png
2026-08-31 11:12:27,395  [INFO    ]  main -   [OK]     12th Marksheet                  D:\ai_doc_automation\Test Data\12th Certificate for Testing\Document11_211_page_0.png
2026-08-31 11:12:27,396  [INFO    ]  main -   [OK]     12th Marksheet                  D:\ai_doc_automation\Test Data\12th Certificate for Testing\Document11_212_page_0.png
2026-08-31 11:12:27,397  [INFO    ]  main -   [OK]     12th Marksheet                  D:\ai_doc_automation\Test Data\12th Certificate for Testing\Document11_213_page_0.png
2026-08-31 11:12:27,397  [INFO    ]  main -   [OK]     12th Marksheet                  D:\ai_doc_automation\Test Data\12th Certificate for Testing\Document11_214_page_0.png
2026-08-31 11:12:27,398  [INFO    ]  main -   [OK]     12th Marksheet                  D:\ai_doc_automation\Test Data\12th Certificate for Testing\Document11_215_page_0.png
2026-08-31 11:12:27,398  [INFO    ]  main -   [OK]     12th Marksheet                  D:\ai_doc_automation\Test Data\12th Certificate for Testing\Document11_216_page_0.png
2026-08-31 11:12:27,399  [INFO    ]  main -   [OK]     12th Marksheet                  D:\ai_doc_automation\Test Data\12th Certificate for Testing\Document11_217_page_0.png
2026-08-31 11:12:27,400  [INFO    ]  main -   [OK]     12th Marksheet                  D:\ai_doc_automation\Test Data\12th Certificate for Testing\Document11_218_page_0.png
2026-08-31 11:12:27,400  [INFO    ]  main -   [OK]     12th Marksheet                  D:\ai_doc_automation\Test Data\12th Certificate for Testing\Document11_219_page_0.png
2026-08-31 11:12:27,403  [INFO    ]  main -   [OK]     12th Marksheet                  D:\ai_doc_automation\Test Data\12th Certificate for Testing\Document11_220_page_0.png
2026-08-31 11:12:27,403  [INFO    ]  main -   [OK]     12th Marksheet                  D:\ai_doc_automation\Test Data\12th Certificate for Testing\Document11_221_page_0.png
2026-08-31 11:12:27,403  [INFO    ]  main -   [OK]     12th Marksheet                  D:\ai_doc_automation\Test Data\12th Certificate for Testing\Document11_222_page_0.png
2026-08-31 11:12:27,403  [INFO    ]  main -   [OK]     12th Marksheet                  D:\ai_doc_automation\Test Data\12th Certificate for Testing\Document11_223_page_0.png
2026-08-31 11:12:27,414  [INFO    ]  main -   [OK]     12th Marksheet                  D:\ai_doc_automation\Test Data\12th Certificate for Testing\Document11_224_page_0.png
2026-08-31 11:12:27,415  [INFO    ]  main -   [OK]     12th Marksheet                  D:\ai_doc_automation\Test Data\12th Certificate for Testing\Document11_225_page_0.png
2026-08-31 11:12:27,415  [INFO    ]  main -   [OK]     12th Marksheet                  D:\ai_doc_automation\Test Data\12th Certificate for Testing\Document11_226_page_0.png
2026-08-31 11:12:27,417  [INFO    ]  main -   [OK]     12th Marksheet                  D:\ai_doc_automation\Test Data\12th Certificate for Testing\Document11_227_page_0.png
2026-08-31 11:12:27,421  [INFO    ]  main -   [OK]     12th Marksheet                  D:\ai_doc_automation\Test Data\12th Certificate for Testing\Document11_228_page_0.png
2026-08-31 11:12:27,421  [INFO    ]  main -   [OK]     12th Marksheet                  D:\ai_doc_automation\Test Data\12th Certificate for Testing\Document11_229_page_0.png
2026-08-31 11:12:27,421  [INFO    ]  main -   [OK]     12th Marksheet                  D:\ai_doc_automation\Test Data\12th Certificate for Testing\Document11_230_page_0.png
2026-08-31 11:12:27,422  [INFO    ]  main -   [OK]     12th Marksheet                  D:\ai_doc_automation\Test Data\12th Certificate for Testing\Document11_231_page_0.png
2026-08-31 11:12:27,422  [INFO    ]  main -   [OK]     12th Marksheet                  D:\ai_doc_automation\Test Data\12th Certificate for Testing\Document11_232_page_0.png
2026-08-31 11:12:27,422  [INFO    ]  main -   [OK]     12th Marksheet                  D:\ai_doc_automation\Test Data\12th Certificate for Testing\Document11_233_page_0.png
2026-08-31 11:12:27,422  [INFO    ]  main -   [OK]     12th Marksheet                  D:\ai_doc_automation\Test Data\12th Certificate for Testing\Document11_234_page_0.png
2026-08-31 11:12:27,422  [INFO    ]  main -   [OK]     12th Marksheet                  D:\ai_doc_automation\Test Data\12th Certificate for Testing\Document11_235_page_0.png
2026-08-31 11:12:27,432  [INFO    ]  main -   [OK]     12th Marksheet                  D:\ai_doc_automation\Test Data\12th Certificate for Testing\Document11_236_page_0.png
2026-08-31 11:12:27,432  [INFO    ]  main -   [OK]     12th Marksheet                  D:\ai_doc_automation\Test Data\12th Certificate for Testing\Document11_237_page_0.png
2026-08-31 11:12:27,432  [INFO    ]  main -   [OK]     12th Marksheet                  D:\ai_doc_automation\Test Data\12th Certificate for Testing\Document11_238_page_0.png
2026-08-31 11:12:27,432  [INFO    ]  main -   [OK]     12th Marksheet                  D:\ai_doc_automation\Test Data\12th Certificate for Testing\Document11_239_page_0.png
2026-08-31 11:12:27,440  [INFO    ]  main -   [OK]     12th Marksheet                  D:\ai_doc_automation\Test Data\12th Certificate for Testing\Document11_240_page_0.png
2026-08-31 11:12:27,440  [INFO    ]  main -   [OK]     12th Marksheet                  D:\ai_doc_automation\Test Data\12th Certificate for Testing\Document11_241_page_0.png
2026-08-31 11:12:27,444  [INFO    ]  main -   [OK]     12th Marksheet                  D:\ai_doc_automation\Test Data\12th Certificate for Testing\Document11_242_page_0.png
2026-08-31 11:12:27,444  [INFO    ]  main -   [OK]     12th Marksheet                  D:\ai_doc_automation\Test Data\12th Certificate for Testing\Document11_243_page_0.png
2026-08-31 11:12:27,447  [INFO    ]  main -   [OK]     12th Marksheet                  D:\ai_doc_automation\Test Data\12th Certificate for Testing\Document11_244_page_0.png
2026-08-31 11:12:27,449  [INFO    ]  main -   [OK]     12th Marksheet                  D:\ai_doc_automation\Test Data\12th Certificate for Testing\Document11_244_page_1.png
2026-08-31 11:12:27,449  [INFO    ]  main -   [OK]     12th Marksheet                  D:\ai_doc_automation\Test Data\12th Certificate for Testing\Document11_245_page_0.png
2026-08-31 11:12:27,449  [INFO    ]  main -   [OK]     12th Marksheet                  D:\ai_doc_automation\Test Data\12th Certificate for Testing\Document11_246_page_0.png
2026-08-31 11:12:27,450  [INFO    ]  main -   [OK]     12th Marksheet                  D:\ai_doc_automation\Test Data\12th Certificate for Testing\Document11_247_page_0.png
2026-08-31 11:12:27,450  [INFO    ]  main -   [OK]     12th Marksheet                  D:\ai_doc_automation\Test Data\12th Certificate for Testing\Document11_248_page_0.png
2026-08-31 11:12:27,450  [INFO    ]  main -   [OK]     12th Marksheet                  D:\ai_doc_automation\Test Data\12th Certificate for Testing\Document11_249_page_0.png
2026-08-31 11:12:27,454  [INFO    ]  main -   [OK]     12th Marksheet                  D:\ai_doc_automation\Test Data\12th Certificate for Testing\Document11_250_page_0.png
2026-08-31 11:12:27,455  [INFO    ]  main -   [OK]     12th Marksheet                  D:\ai_doc_automation\Test Data\12th Certificate for Testing\Document11_251_page_0.png
2026-08-31 11:12:27,455  [INFO    ]  main -   [OK]     12th Marksheet                  D:\ai_doc_automation\Test Data\12th Certificate for Testing\Document11_252_page_0.png
2026-08-31 11:12:27,455  [INFO    ]  main -   [OK]     12th Marksheet                  D:\ai_doc_automation\Test Data\12th Certificate for Testing\Document11_253_page_0.png
2026-08-31 11:12:27,466  [INFO    ]  main -   [OK]     12th Marksheet                  D:\ai_doc_automation\Test Data\12th Certificate for Testing\Document11_254_page_0.png
2026-08-31 11:12:27,466  [INFO    ]  main -   [OK]     12th Marksheet                  D:\ai_doc_automation\Test Data\12th Certificate for Testing\Document11_255_page_0.png
2026-08-31 11:12:27,471  [INFO    ]  main -   [OK]     Graduation Certificate          D:\ai_doc_automation\Test Data\Degree Certificate\Document12_118_page_0.png
2026-08-31 11:12:27,471  [INFO    ]  main -   [OK]     Graduation Certificate          D:\ai_doc_automation\Test Data\Degree Certificate\Document12_119_page_0.png
2026-08-31 11:12:27,471  [INFO    ]  main -   [OK]     Graduation Certificate          D:\ai_doc_automation\Test Data\Degree Certificate\Document12_120_page_0.png
2026-08-31 11:12:27,472  [INFO    ]  main -   [OK]     Graduation Certificate          D:\ai_doc_automation\Test Data\Degree Certificate\Document12_121_page_0.png
2026-08-31 11:12:27,472  [INFO    ]  main -   [OK]     Graduation Certificate          D:\ai_doc_automation\Test Data\Degree Certificate\Document12_122_page_0.png
2026-08-31 11:12:27,472  [INFO    ]  main -   [OK]     Graduation Certificate          D:\ai_doc_automation\Test Data\Degree Certificate\Document12_122_page_1.png
2026-08-31 11:12:27,474  [INFO    ]  main -   [OK]     Graduation Certificate          D:\ai_doc_automation\Test Data\Degree Certificate\Document12_123_page_0.png
2026-08-31 11:12:27,474  [INFO    ]  main -   [OK]     Graduation Certificate          D:\ai_doc_automation\Test Data\Degree Certificate\Document12_124_page_0.png
2026-08-31 11:12:27,475  [INFO    ]  main -   [OK]     Graduation Certificate          D:\ai_doc_automation\Test Data\Degree Certificate\Document12_125_page_0.png
2026-08-31 11:12:27,475  [INFO    ]  main -   [OK]     Graduation Certificate          D:\ai_doc_automation\Test Data\Degree Certificate\Document12_126_page_0.png
2026-08-31 11:12:27,476  [INFO    ]  main -   [OK]     Graduation Certificate          D:\ai_doc_automation\Test Data\Degree Certificate\Document12_127_page_0.png
2026-08-31 11:12:27,476  [INFO    ]  main -   [OK]     Graduation Certificate          D:\ai_doc_automation\Test Data\Degree Certificate\Document12_128_page_0.png
2026-08-31 11:12:27,482  [INFO    ]  main -   [OK]     Graduation Certificate          D:\ai_doc_automation\Test Data\Degree Certificate\Document12_129_page_0.png
2026-08-31 11:12:27,483  [INFO    ]  main -   [OK]     Graduation Certificate          D:\ai_doc_automation\Test Data\Degree Certificate\Document12_130_page_0.png
2026-08-31 11:12:27,483  [INFO    ]  main -   [OK]     Graduation Certificate          D:\ai_doc_automation\Test Data\Degree Certificate\Document12_131_page_0.png
2026-08-31 11:12:27,484  [INFO    ]  main -   [OK]     Graduation Certificate          D:\ai_doc_automation\Test Data\Degree Certificate\Document12_132_page_0.png
2026-08-31 11:12:27,491  [INFO    ]  main -   [OK]     Graduation Certificate          D:\ai_doc_automation\Test Data\Degree Certificate\Document12_133_page_0.png
2026-08-31 11:12:27,491  [INFO    ]  main -   [OK]     Graduation Certificate          D:\ai_doc_automation\Test Data\Degree Certificate\Document12_134_page_0.png
2026-08-31 11:12:27,494  [INFO    ]  main -   [OK]     Graduation Certificate          D:\ai_doc_automation\Test Data\Degree Certificate\Document12_135_page_0.png
2026-08-31 11:12:27,495  [INFO    ]  main -   [OK]     Graduation Certificate          D:\ai_doc_automation\Test Data\Degree Certificate\Document12_136_page_0.png
2026-08-31 11:12:27,495  [INFO    ]  main -   [OK]     Graduation Certificate          D:\ai_doc_automation\Test Data\Degree Certificate\Document12_137_page_0.png
2026-08-31 11:12:27,496  [INFO    ]  main -   [OK]     Graduation Certificate          D:\ai_doc_automation\Test Data\Degree Certificate\Document12_138_page_0.png
2026-08-31 11:12:27,496  [INFO    ]  main -   [OK]     Graduation Certificate          D:\ai_doc_automation\Test Data\Degree Certificate\Document12_139_page_0.png
2026-08-31 11:12:27,504  [INFO    ]  main -   [OK]     Graduation Certificate          D:\ai_doc_automation\Test Data\Degree Certificate\Document12_140_page_0.png
2026-08-31 11:12:27,504  [INFO    ]  main -   [OK]     Graduation Certificate          D:\ai_doc_automation\Test Data\Degree Certificate\Document12_140_page_1.png
2026-08-31 11:12:27,505  [INFO    ]  main -   [OK]     Graduation Certificate          D:\ai_doc_automation\Test Data\Degree Certificate\Document12_141_page_0.png
2026-08-31 11:12:27,505  [INFO    ]  main -   [OK]     Graduation Certificate          D:\ai_doc_automation\Test Data\Degree Certificate\Document12_142_page_0.png
2026-08-31 11:12:27,511  [INFO    ]  main -   [OK]     Graduation Certificate          D:\ai_doc_automation\Test Data\Degree Certificate\Document12_143_page_0.png
2026-08-31 11:12:27,512  [INFO    ]  main -   [OK]     Graduation Certificate          D:\ai_doc_automation\Test Data\Degree Certificate\Document12_144_page_0.png
2026-08-31 11:12:27,512  [INFO    ]  main -   [OK]     Graduation Certificate          D:\ai_doc_automation\Test Data\Degree Certificate\Document12_145_page_0.png
2026-08-31 11:12:27,513  [INFO    ]  main -   [OK]     Graduation Certificate          D:\ai_doc_automation\Test Data\Degree Certificate\Document12_146_page_0.png
2026-08-31 11:12:27,513  [INFO    ]  main -   [OK]     Graduation Certificate          D:\ai_doc_automation\Test Data\Degree Certificate\Document12_147_page_0.png
2026-08-31 11:12:27,513  [INFO    ]  main -   [OK]     Graduation Certificate          D:\ai_doc_automation\Test Data\Degree Certificate\Document12_148_page_0.png
2026-08-31 11:12:27,515  [INFO    ]  main -   [OK]     Graduation Certificate          D:\ai_doc_automation\Test Data\Degree Certificate\Document12_149_page_0.png
2026-08-31 11:12:27,515  [INFO    ]  main -   [OK]     Graduation Certificate          D:\ai_doc_automation\Test Data\Degree Certificate\Document12_150_page_0.png
2026-08-31 11:12:27,516  [INFO    ]  main -   [OK]     Graduation Certificate          D:\ai_doc_automation\Test Data\Degree Certificate\Document12_151_page_0.png
2026-08-31 11:12:27,516  [INFO    ]  main -   [OK]     Graduation Certificate          D:\ai_doc_automation\Test Data\Degree Certificate\Document12_152_page_0.png
2026-08-31 11:12:27,516  [INFO    ]  main -   [OK]     Graduation Certificate          D:\ai_doc_automation\Test Data\Degree Certificate\Document12_153_page_0.png
2026-08-31 11:12:27,517  [INFO    ]  main -   [OK]     Graduation Certificate          D:\ai_doc_automation\Test Data\Degree Certificate\Document12_154_page_0.png
2026-08-31 11:12:27,518  [INFO    ]  main -   [OK]     Graduation Certificate          D:\ai_doc_automation\Test Data\Degree Certificate\Document12_155_page_0.png
2026-08-31 11:12:27,519  [INFO    ]  main -   [OK]     Graduation Certificate          D:\ai_doc_automation\Test Data\Degree Certificate\Document12_156_page_0.png
2026-08-31 11:12:27,519  [INFO    ]  main -   [OK]     Graduation Certificate          D:\ai_doc_automation\Test Data\Degree Certificate\Document12_157_page_0.png
2026-08-31 11:12:27,519  [INFO    ]  main -   [OK]     Graduation Certificate          D:\ai_doc_automation\Test Data\Degree Certificate\Document12_158_page_0.png
2026-08-31 11:12:27,520  [INFO    ]  main -   [OK]     Graduation Certificate          D:\ai_doc_automation\Test Data\Degree Certificate\Document12_159_page_0.png
2026-08-31 11:12:27,520  [INFO    ]  main -   [OK]     Graduation Certificate          D:\ai_doc_automation\Test Data\Degree Certificate\Document12_160_page_0.png
2026-08-31 11:12:27,520  [INFO    ]  main -   [OK]     Graduation Certificate          D:\ai_doc_automation\Test Data\Degree Certificate\Document12_161_page_0.png
2026-08-31 11:12:27,520  [INFO    ]  main -   [OK]     Graduation Certificate          D:\ai_doc_automation\Test Data\Degree Certificate\Document12_162_page_0.png
2026-08-31 11:12:27,520  [INFO    ]  main -   [OK]     Graduation Certificate          D:\ai_doc_automation\Test Data\Degree Certificate\Document12_163_page_0.png
2026-08-31 11:12:27,522  [INFO    ]  main -   [OK]     Graduation Certificate          D:\ai_doc_automation\Test Data\Degree Certificate\Document12_164_page_0.png
2026-08-31 11:12:27,523  [INFO    ]  main -   [OK]     Graduation Certificate          D:\ai_doc_automation\Test Data\Degree Certificate\Document12_165_page_0.png
2026-08-31 11:12:27,523  [INFO    ]  main -   [OK]     Graduation Certificate          D:\ai_doc_automation\Test Data\Degree Certificate\Document12_166_page_0.png
2026-08-31 11:12:27,524  [INFO    ]  main -   [OK]     Graduation Certificate          D:\ai_doc_automation\Test Data\Degree Certificate\Document12_167_page_0.png
2026-08-31 11:12:27,524  [INFO    ]  main -   [OK]     Graduation Certificate          D:\ai_doc_automation\Test Data\Degree Certificate\Document12_168_page_0.png
2026-08-31 11:12:27,525  [INFO    ]  main -   [OK]     Graduation Certificate          D:\ai_doc_automation\Test Data\Degree Certificate\Document12_169_page_0.png
2026-08-31 11:12:27,525  [INFO    ]  main -   [OK]     Graduation Certificate          D:\ai_doc_automation\Test Data\Degree Certificate\Document12_169_page_1.png
2026-08-31 11:12:27,526  [INFO    ]  main -   [OK]     Graduation Certificate          D:\ai_doc_automation\Test Data\Degree Certificate\Document12_170_page_0.png
2026-08-31 11:12:27,526  [INFO    ]  main -   [OK]     Graduation Certificate          D:\ai_doc_automation\Test Data\Degree Certificate\Document12_170_page_1.png
2026-08-31 11:12:27,526  [INFO    ]  main -   [OK]     Graduation Certificate          D:\ai_doc_automation\Test Data\Degree Certificate\Document12_171_page_0.png
2026-08-31 11:12:27,527  [INFO    ]  main -   [OK]     Graduation Certificate          D:\ai_doc_automation\Test Data\Degree Certificate\Document12_172_page_0.png
2026-08-31 11:12:27,533  [INFO    ]  main -   [OK]     Graduation Certificate          D:\ai_doc_automation\Test Data\Degree Certificate\Document12_173_page_0.png
2026-08-31 11:12:27,533  [INFO    ]  main -   [OK]     Graduation Certificate          D:\ai_doc_automation\Test Data\Degree Certificate\Document12_174_page_0.png
2026-08-31 11:12:27,533  [INFO    ]  main -   [OK]     Graduation Certificate          D:\ai_doc_automation\Test Data\Degree Certificate\Document12_175_page_0.png
2026-08-31 11:12:27,533  [INFO    ]  main -   [OK]     Graduation Certificate          D:\ai_doc_automation\Test Data\Degree Certificate\Document12_176_page_0.png
2026-08-31 11:12:27,544  [INFO    ]  main -   [OK]     Graduation Certificate          D:\ai_doc_automation\Test Data\Degree Certificate\Document12_177_page_0.png
2026-08-31 11:12:27,545  [INFO    ]  main -   [OK]     Graduation Certificate          D:\ai_doc_automation\Test Data\Degree Certificate\Document12_178_page_0.png
2026-08-31 11:12:27,545  [INFO    ]  main -   [OK]     Graduation Certificate          D:\ai_doc_automation\Test Data\Degree Certificate\Document12_179_page_0.png
2026-08-31 11:12:27,546  [INFO    ]  main -   [OK]     Graduation Certificate          D:\ai_doc_automation\Test Data\Degree Certificate\Document12_180_page_0.png
2026-08-31 11:12:27,554  [INFO    ]  main -   [OK]     Graduation Certificate          D:\ai_doc_automation\Test Data\Degree Certificate\Document12_181_page_0.png
2026-08-31 11:12:27,554  [INFO    ]  main -   [OK]     Graduation Certificate          D:\ai_doc_automation\Test Data\Degree Certificate\Document12_182_page_0.png
2026-08-31 11:12:27,554  [INFO    ]  main -   [OK]     Graduation Certificate          D:\ai_doc_automation\Test Data\Degree Certificate\Document12_183_page_0.png
2026-08-31 11:12:27,562  [INFO    ]  main -   [OK]     Income Certificate              D:\ai_doc_automation\Test Data\Income Certificate for Testing\IncomeCertificate_466_page_0.png
2026-08-31 11:12:27,563  [INFO    ]  main -   [OK]     Income Certificate              D:\ai_doc_automation\Test Data\Income Certificate for Testing\IncomeCertificate_467_page_0.png
2026-08-31 11:12:27,564  [INFO    ]  main -   [OK]     Income Certificate              D:\ai_doc_automation\Test Data\Income Certificate for Testing\IncomeCertificate_468_page_0.png
2026-08-31 11:12:27,580  [INFO    ]  main -   [OK]     Income Certificate              D:\ai_doc_automation\Test Data\Income Certificate for Testing\IncomeCertificate_469_page_0.png
2026-08-31 11:12:27,589  [INFO    ]  main -   [OK]     Income Certificate              D:\ai_doc_automation\Test Data\Income Certificate for Testing\IncomeCertificate_470_page_0.png
2026-08-31 11:12:27,591  [INFO    ]  main -   [OK]     Income Certificate              D:\ai_doc_automation\Test Data\Income Certificate for Testing\IncomeCertificate_471_page_0.png
2026-08-31 11:12:27,591  [INFO    ]  main -   [OK]     Income Certificate              D:\ai_doc_automation\Test Data\Income Certificate for Testing\IncomeCertificate_472_page_0.png
2026-08-31 11:12:27,594  [INFO    ]  main -   [OK]     Income Certificate              D:\ai_doc_automation\Test Data\Income Certificate for Testing\IncomeCertificate_473_page_0.png
2026-08-31 11:12:27,594  [INFO    ]  main -   [OK]     Income Certificate              D:\ai_doc_automation\Test Data\Income Certificate for Testing\IncomeCertificate_474_page_0.png
2026-08-31 11:12:27,595  [INFO    ]  main -   [OK]     Income Certificate              D:\ai_doc_automation\Test Data\Income Certificate for Testing\IncomeCertificate_475_page_0.png
2026-08-31 11:12:27,595  [INFO    ]  main -   [OK]     Income Certificate              D:\ai_doc_automation\Test Data\Income Certificate for Testing\IncomeCertificate_476_page_0.png
2026-08-31 11:12:27,596  [INFO    ]  main -   [OK]     Income Certificate              D:\ai_doc_automation\Test Data\Income Certificate for Testing\IncomeCertificate_477_page_0.png
2026-08-31 11:12:27,597  [INFO    ]  main -   [OK]     Income Certificate              D:\ai_doc_automation\Test Data\Income Certificate for Testing\IncomeCertificate_478_page_0.png
2026-08-31 11:12:27,598  [INFO    ]  main -   [OK]     Income Certificate              D:\ai_doc_automation\Test Data\Income Certificate for Testing\IncomeCertificate_479_page_0.png
2026-08-31 11:12:27,598  [INFO    ]  main -   [OK]     Income Certificate              D:\ai_doc_automation\Test Data\Income Certificate for Testing\IncomeCertificate_480_page_0.png
2026-08-31 11:12:27,600  [INFO    ]  main -   [OK]     Income Certificate              D:\ai_doc_automation\Test Data\Income Certificate for Testing\IncomeCertificate_481_page_0.png
2026-08-31 11:12:27,600  [INFO    ]  main -   [OK]     Income Certificate              D:\ai_doc_automation\Test Data\Income Certificate for Testing\IncomeCertificate_482_page_0.png
2026-08-31 11:12:27,600  [INFO    ]  main -   [OK]     Income Certificate              D:\ai_doc_automation\Test Data\Income Certificate for Testing\IncomeCertificate_483_page_0.png
2026-08-31 11:12:27,602  [INFO    ]  main -   [OK]     Income Certificate              D:\ai_doc_automation\Test Data\Income Certificate for Testing\IncomeCertificate_484_page_0.png
2026-08-31 11:12:27,602  [INFO    ]  main -   [OK]     Income Certificate              D:\ai_doc_automation\Test Data\Income Certificate for Testing\IncomeCertificate_485_page_0.png
2026-08-31 11:12:27,604  [INFO    ]  main -   [OK]     Income Certificate              D:\ai_doc_automation\Test Data\Income Certificate for Testing\IncomeCertificate_486_page_0.png
2026-08-31 11:12:27,604  [INFO    ]  main -   [OK]     Income Certificate              D:\ai_doc_automation\Test Data\Income Certificate for Testing\IncomeCertificate_487_page_0.png
2026-08-31 11:12:27,606  [INFO    ]  main -   [OK]     Income Certificate              D:\ai_doc_automation\Test Data\Income Certificate for Testing\IncomeCertificate_488_page_0.png
2026-08-31 11:12:27,608  [INFO    ]  main -   [OK]     Income Certificate              D:\ai_doc_automation\Test Data\Income Certificate for Testing\IncomeCertificate_489_page_0.png
2026-08-31 11:12:27,608  [INFO    ]  main -   [OK]     Income Certificate              D:\ai_doc_automation\Test Data\Income Certificate for Testing\IncomeCertificate_490_page_0.png
2026-08-31 11:12:27,608  [INFO    ]  main -   [OK]     Income Certificate              D:\ai_doc_automation\Test Data\Income Certificate for Testing\IncomeCertificate_491_page_0.png
2026-08-31 11:12:27,612  [INFO    ]  main -   [OK]     Income Certificate              D:\ai_doc_automation\Test Data\Income Certificate for Testing\IncomeCertificate_492_page_0.png
2026-08-31 11:12:27,615  [INFO    ]  main -   [OK]     Income Certificate              D:\ai_doc_automation\Test Data\Income Certificate for Testing\IncomeCertificate_493_page_0.png
2026-08-31 11:12:27,615  [INFO    ]  main -   [OK]     Income Certificate              D:\ai_doc_automation\Test Data\Income Certificate for Testing\IncomeCertificate_494_page_0.png
2026-08-31 11:12:27,617  [INFO    ]  main -   [OK]     Income Certificate              D:\ai_doc_automation\Test Data\Income Certificate for Testing\IncomeCertificate_495_page_0.png
2026-08-31 11:12:27,617  [INFO    ]  main -   [OK]     Income Certificate              D:\ai_doc_automation\Test Data\Income Certificate for Testing\IncomeCertificate_496_page_0.png
2026-08-31 11:12:27,618  [INFO    ]  main -   [OK]     Income Certificate              D:\ai_doc_automation\Test Data\Income Certificate for Testing\IncomeCertificate_497_page_0.png
2026-08-31 11:12:27,619  [INFO    ]  main -   [OK]     Income Certificate              D:\ai_doc_automation\Test Data\Income Certificate for Testing\IncomeCertificate_498_page_0.png
2026-08-31 11:12:27,619  [INFO    ]  main -   [OK]     Income Certificate              D:\ai_doc_automation\Test Data\Income Certificate for Testing\IncomeCertificate_499_page_0.png
2026-08-31 11:12:27,619  [INFO    ]  main -   [OK]     Income Certificate              D:\ai_doc_automation\Test Data\Income Certificate for Testing\IncomeCertificate_500_page_0.png
2026-08-31 11:12:27,629  [INFO    ]  main -   [OK]     Income Certificate              D:\ai_doc_automation\Test Data\Income Certificate for Testing\IncomeCertificate_501_page_0.png
2026-08-31 11:12:27,631  [INFO    ]  main -   [OK]     Income Certificate              D:\ai_doc_automation\Test Data\Income Certificate for Testing\IncomeCertificate_502_page_0.png
2026-08-31 11:12:27,631  [INFO    ]  main -   [OK]     Income Certificate              D:\ai_doc_automation\Test Data\Income Certificate for Testing\IncomeCertificate_503_page_0.png
2026-08-31 11:12:27,634  [INFO    ]  main -   [OK]     Income Certificate              D:\ai_doc_automation\Test Data\Income Certificate for Testing\IncomeCertificate_504_page_0.png
2026-08-31 11:12:27,640  [INFO    ]  main -   [OK]     Income Certificate              D:\ai_doc_automation\Test Data\Income Certificate for Testing\IncomeCertificate_505_page_0.png
2026-08-31 11:12:27,640  [INFO    ]  main -   [OK]     Income Certificate              D:\ai_doc_automation\Test Data\Income Certificate for Testing\IncomeCertificate_506_page_0.png
2026-08-31 11:12:27,642  [INFO    ]  main -   [OK]     Income Certificate              D:\ai_doc_automation\Test Data\Income Certificate for Testing\IncomeCertificate_507_page_0.png
2026-08-31 11:12:27,642  [INFO    ]  main -   [OK]     Income Certificate              D:\ai_doc_automation\Test Data\Income Certificate for Testing\IncomeCertificate_508_page_0.png
2026-08-31 11:12:27,646  [INFO    ]  main -   [OK]     Income Certificate              D:\ai_doc_automation\Test Data\Income Certificate for Testing\IncomeCertificate_509_page_0.png
2026-08-31 11:12:27,648  [INFO    ]  main -   [OK]     Income Certificate              D:\ai_doc_automation\Test Data\Income Certificate for Testing\IncomeCertificate_510_page_0.png
2026-08-31 11:12:27,650  [INFO    ]  main -   [OK]     Income Certificate              D:\ai_doc_automation\Test Data\Income Certificate for Testing\IncomeCertificate_511_page_0.png
2026-08-31 11:12:27,650  [INFO    ]  main -   [OK]     Income Certificate              D:\ai_doc_automation\Test Data\Income Certificate for Testing\IncomeCertificate_512_page_0.png
2026-08-31 11:12:27,661  [INFO    ]  main -   [OK]     Income Certificate              D:\ai_doc_automation\Test Data\Income Certificate for Testing\IncomeCertificate_513_page_0.png
2026-08-31 11:12:27,662  [INFO    ]  main -   [OK]     Income Certificate              D:\ai_doc_automation\Test Data\Income Certificate for Testing\IncomeCertificate_514_page_0.png
2026-08-31 11:12:27,662  [INFO    ]  main -   [OK]     Income Certificate              D:\ai_doc_automation\Test Data\Income Certificate for Testing\IncomeCertificate_515_page_0.png
2026-08-31 11:12:27,663  [INFO    ]  main -   [OK]     Income Certificate              D:\ai_doc_automation\Test Data\Income Certificate for Testing\IncomeCertificate_516_page_0.png
2026-08-31 11:12:27,663  [INFO    ]  main -   [OK]     Income Certificate              D:\ai_doc_automation\Test Data\Income Certificate for Testing\IncomeCertificate_517_page_0.png
2026-08-31 11:12:27,664  [INFO    ]  main -   [OK]     Income Certificate              D:\ai_doc_automation\Test Data\Income Certificate for Testing\IncomeCertificate_518_page_0.png
2026-08-31 11:12:27,664  [INFO    ]  main -   [OK]     Income Certificate              D:\ai_doc_automation\Test Data\Income Certificate for Testing\IncomeCertificate_519_page_0.png
2026-08-31 11:12:27,667  [INFO    ]  main -   [OK]     Income Certificate              D:\ai_doc_automation\Test Data\Income Certificate for Testing\IncomeCertificate_520_page_0.png
2026-08-31 11:12:27,667  [INFO    ]  main -   [OK]     Income Certificate              D:\ai_doc_automation\Test Data\Income Certificate for Testing\IncomeCertificate_521_page_0.png
2026-08-31 11:12:27,675  [INFO    ]  main -   [OK]     Income Certificate              D:\ai_doc_automation\Test Data\Income Certificate for Testing\IncomeCertificate_522_page_0.png
2026-08-31 11:12:27,679  [INFO    ]  main -   [OK]     Income Certificate              D:\ai_doc_automation\Test Data\Income Certificate for Testing\IncomeCertificate_523_page_0.png
2026-08-31 11:12:27,681  [INFO    ]  main -   [OK]     Income Certificate              D:\ai_doc_automation\Test Data\Income Certificate for Testing\IncomeCertificate_524_page_0.png
2026-08-31 11:12:27,681  [INFO    ]  main -   [OK]     Income Certificate              D:\ai_doc_automation\Test Data\Income Certificate for Testing\IncomeCertificate_525_page_0.png
2026-08-31 11:12:27,682  [INFO    ]  main -   [OK]     Income Certificate              D:\ai_doc_automation\Test Data\Income Certificate for Testing\IncomeCertificate_526_page_0.png
2026-08-31 11:12:27,683  [INFO    ]  main -   [OK]     Income Certificate              D:\ai_doc_automation\Test Data\Income Certificate for Testing\IncomeCertificate_527_page_0.png
2026-08-31 11:12:27,690  [INFO    ]  main -   [OK]     Income Certificate              D:\ai_doc_automation\Test Data\Income Certificate for Testing\IncomeCertificate_528_page_0.png
2026-08-31 11:12:27,690  [INFO    ]  main -   [OK]     Income Certificate              D:\ai_doc_automation\Test Data\Income Certificate for Testing\IncomeCertificate_529_page_0.png
2026-08-31 11:12:27,691  [INFO    ]  main -   [OK]     Income Certificate              D:\ai_doc_automation\Test Data\Income Certificate for Testing\IncomeCertificate_530_page_0.png
2026-08-31 11:12:27,691  [INFO    ]  main -   [OK]     Income Certificate              D:\ai_doc_automation\Test Data\Income Certificate for Testing\IncomeCertificate_531_page_0.png
2026-08-31 11:12:27,701  [INFO    ]  main -   [OK]     Income Certificate              D:\ai_doc_automation\Test Data\Income Certificate for Testing\IncomeCertificate_532_page_0.png
2026-08-31 11:12:27,701  [INFO    ]  main -   [OK]     Income Certificate              D:\ai_doc_automation\Test Data\Income Certificate for Testing\IncomeCertificate_533_page_0.png
2026-08-31 11:12:27,702  [INFO    ]  main -   [OK]     Income Certificate              D:\ai_doc_automation\Test Data\Income Certificate for Testing\IncomeCertificate_534_page_0.png
2026-08-31 11:12:27,702  [INFO    ]  main -   [OK]     Income Certificate              D:\ai_doc_automation\Test Data\Income Certificate for Testing\IncomeCertificate_535_page_0.png
2026-08-31 11:12:27,704  [INFO    ]  main -   [OK]     Caste Certificate               D:\ai_doc_automation\Test Data\Cast Certificate for Testing\CastCertificate_130_page_0.png
2026-08-31 11:12:27,704  [INFO    ]  main -   [OK]     Caste Certificate               D:\ai_doc_automation\Test Data\Cast Certificate for Testing\CastCertificate_131_page_0.png
2026-08-31 11:12:27,704  [INFO    ]  main -   [OK]     Caste Certificate               D:\ai_doc_automation\Test Data\Cast Certificate for Testing\CastCertificate_132_page_0.png
2026-08-31 11:12:27,704  [INFO    ]  main -   [OK]     Caste Certificate               D:\ai_doc_automation\Test Data\Cast Certificate for Testing\CastCertificate_133_page_0.png
2026-08-31 11:12:27,704  [INFO    ]  main -   [OK]     Caste Certificate               D:\ai_doc_automation\Test Data\Cast Certificate for Testing\CastCertificate_134_page_0.png
2026-08-31 11:12:27,708  [INFO    ]  main -   [OK]     Caste Certificate               D:\ai_doc_automation\Test Data\Cast Certificate for Testing\CastCertificate_135_page_0.png
2026-08-31 11:12:27,708  [INFO    ]  main -   [OK]     Caste Certificate               D:\ai_doc_automation\Test Data\Cast Certificate for Testing\CastCertificate_136_page_0.png
2026-08-31 11:12:27,710  [INFO    ]  main -   [OK]     Caste Certificate               D:\ai_doc_automation\Test Data\Cast Certificate for Testing\CastCertificate_137_page_0.png
2026-08-31 11:12:27,710  [INFO    ]  main -   [OK]     Caste Certificate               D:\ai_doc_automation\Test Data\Cast Certificate for Testing\CastCertificate_138_page_0.png
2026-08-31 11:12:27,711  [INFO    ]  main -   [OK]     Caste Certificate               D:\ai_doc_automation\Test Data\Cast Certificate for Testing\CastCertificate_139_page_0.png
2026-08-31 11:12:27,712  [INFO    ]  main -   [OK]     Caste Certificate               D:\ai_doc_automation\Test Data\Cast Certificate for Testing\CastCertificate_140_page_0.png
2026-08-31 11:12:27,712  [INFO    ]  main -   [OK]     Caste Certificate               D:\ai_doc_automation\Test Data\Cast Certificate for Testing\CastCertificate_141_page_0.png
2026-08-31 11:12:27,717  [INFO    ]  main -   [OK]     Caste Certificate               D:\ai_doc_automation\Test Data\Cast Certificate for Testing\CastCertificate_142_page_0.png
2026-08-31 11:12:27,717  [INFO    ]  main -   [OK]     Caste Certificate               D:\ai_doc_automation\Test Data\Cast Certificate for Testing\CastCertificate_143_page_0.png
2026-08-31 11:12:27,717  [INFO    ]  main -   [OK]     Caste Certificate               D:\ai_doc_automation\Test Data\Cast Certificate for Testing\CastCertificate_144_page_0.png
2026-08-31 11:12:27,718  [INFO    ]  main -   [OK]     Caste Certificate               D:\ai_doc_automation\Test Data\Cast Certificate for Testing\CastCertificate_145_page_0.png
2026-08-31 11:12:27,728  [INFO    ]  main -   [OK]     Caste Certificate               D:\ai_doc_automation\Test Data\Cast Certificate for Testing\CastCertificate_146_page_0.png
2026-08-31 11:12:27,728  [INFO    ]  main -   [OK]     Caste Certificate               D:\ai_doc_automation\Test Data\Cast Certificate for Testing\CastCertificate_147_page_0.png
2026-08-31 11:12:27,730  [INFO    ]  main -   [OK]     Caste Certificate               D:\ai_doc_automation\Test Data\Cast Certificate for Testing\CastCertificate_148_page_0.png
2026-08-31 11:12:27,730  [INFO    ]  main -   [OK]     Caste Certificate               D:\ai_doc_automation\Test Data\Cast Certificate for Testing\CastCertificate_149_page_0.png
2026-08-31 11:12:27,733  [INFO    ]  main -   [OK]     Caste Certificate               D:\ai_doc_automation\Test Data\Cast Certificate for Testing\CastCertificate_150_page_0.png
2026-08-31 11:12:27,733  [INFO    ]  main -   [OK]     Caste Certificate               D:\ai_doc_automation\Test Data\Cast Certificate for Testing\CastCertificate_151_page_0.png
2026-08-31 11:12:27,734  [INFO    ]  main -   [OK]     Caste Certificate               D:\ai_doc_automation\Test Data\Cast Certificate for Testing\CastCertificate_152_page_0.png
2026-08-31 11:12:27,734  [INFO    ]  main -   [OK]     Caste Certificate               D:\ai_doc_automation\Test Data\Cast Certificate for Testing\CastCertificate_153_page_0.png
2026-08-31 11:12:27,734  [INFO    ]  main -   [OK]     Caste Certificate               D:\ai_doc_automation\Test Data\Cast Certificate for Testing\CastCertificate_154_page_0.png
2026-08-31 11:12:27,735  [INFO    ]  main -   [OK]     Caste Certificate               D:\ai_doc_automation\Test Data\Cast Certificate for Testing\CastCertificate_155_page_0.png
2026-08-31 11:12:27,735  [INFO    ]  main -   [OK]     Caste Certificate               D:\ai_doc_automation\Test Data\Cast Certificate for Testing\CastCertificate_156_page_0.png
2026-08-31 11:12:27,736  [INFO    ]  main -   [OK]     Caste Certificate               D:\ai_doc_automation\Test Data\Cast Certificate for Testing\CastCertificate_157_page_0.png
2026-08-31 11:12:27,736  [INFO    ]  main -   [OK]     Caste Certificate               D:\ai_doc_automation\Test Data\Cast Certificate for Testing\CastCertificate_158_page_0.png
2026-08-31 11:12:27,736  [INFO    ]  main -   [OK]     Caste Certificate               D:\ai_doc_automation\Test Data\Cast Certificate for Testing\CastCertificate_159_page_0.png
2026-08-31 11:12:27,736  [INFO    ]  main -   [OK]     Caste Certificate               D:\ai_doc_automation\Test Data\Cast Certificate for Testing\CastCertificate_160_page_0.png
2026-08-31 11:12:27,736  [INFO    ]  main -   [OK]     Caste Certificate               D:\ai_doc_automation\Test Data\Cast Certificate for Testing\CastCertificate_161_page_0.png
2026-08-31 11:12:27,736  [INFO    ]  main -   [OK]     Caste Certificate               D:\ai_doc_automation\Test Data\Cast Certificate for Testing\CastCertificate_162_page_0.png
2026-08-31 11:12:27,736  [INFO    ]  main -   [OK]     Caste Certificate               D:\ai_doc_automation\Test Data\Cast Certificate for Testing\CastCertificate_163_page_0.png
2026-08-31 11:12:27,736  [INFO    ]  main -   [OK]     Caste Certificate               D:\ai_doc_automation\Test Data\Cast Certificate for Testing\CastCertificate_164_page_0.png
2026-08-31 11:12:27,736  [INFO    ]  main -   [OK]     Caste Certificate               D:\ai_doc_automation\Test Data\Cast Certificate for Testing\CastCertificate_165_page_0.png
2026-08-31 11:12:27,736  [INFO    ]  main -   [OK]     Caste Certificate               D:\ai_doc_automation\Test Data\Cast Certificate for Testing\CastCertificate_166_page_0.png
2026-08-31 11:12:27,736  [INFO    ]  main -   [OK]     Caste Certificate               D:\ai_doc_automation\Test Data\Cast Certificate for Testing\CastCertificate_167_page_0.png
2026-08-31 11:12:27,736  [INFO    ]  main -   [OK]     Caste Certificate               D:\ai_doc_automation\Test Data\Cast Certificate for Testing\CastCertificate_168_page_0.png
2026-08-31 11:12:27,736  [INFO    ]  main -   [OK]     Caste Certificate               D:\ai_doc_automation\Test Data\Cast Certificate for Testing\CastCertificate_169_page_0.png
2026-08-31 11:12:27,742  [INFO    ]  main -   [OK]     Caste Certificate               D:\ai_doc_automation\Test Data\Cast Certificate for Testing\CastCertificate_170_page_0.png
2026-08-31 11:12:27,742  [INFO    ]  main -   [OK]     Caste Certificate               D:\ai_doc_automation\Test Data\Cast Certificate for Testing\CastCertificate_171_page_0.png
2026-08-31 11:12:27,743  [INFO    ]  main -   [OK]     Caste Certificate               D:\ai_doc_automation\Test Data\Cast Certificate for Testing\CastCertificate_172_page_0.png
2026-08-31 11:12:27,743  [INFO    ]  main -   [OK]     Caste Certificate               D:\ai_doc_automation\Test Data\Cast Certificate for Testing\CastCertificate_173_page_0.png
2026-08-31 11:12:27,744  [INFO    ]  main -   [OK]     Caste Certificate               D:\ai_doc_automation\Test Data\Cast Certificate for Testing\CastCertificate_174_page_0.png
2026-08-31 11:12:27,744  [INFO    ]  main -   [OK]     Caste Certificate               D:\ai_doc_automation\Test Data\Cast Certificate for Testing\CastCertificate_175_page_0.png
2026-08-31 11:12:27,746  [INFO    ]  main -   [OK]     Caste Certificate               D:\ai_doc_automation\Test Data\Cast Certificate for Testing\CastCertificate_176_page_0.png
2026-08-31 11:12:27,746  [INFO    ]  main -   [OK]     Caste Certificate               D:\ai_doc_automation\Test Data\Cast Certificate for Testing\CastCertificate_177_page_0.png
2026-08-31 11:12:27,747  [INFO    ]  main -   [OK]     Caste Certificate               D:\ai_doc_automation\Test Data\Cast Certificate for Testing\CastCertificate_178_page_0.png
2026-08-31 11:12:27,748  [INFO    ]  main -   [OK]     Caste Certificate               D:\ai_doc_automation\Test Data\Cast Certificate for Testing\CastCertificate_179_page_0.png
2026-08-31 11:12:27,754  [INFO    ]  main -   [OK]     Caste Certificate               D:\ai_doc_automation\Test Data\Cast Certificate for Testing\CastCertificate_180_page_0.png
2026-08-31 11:12:27,754  [INFO    ]  main -   [OK]     Caste Certificate               D:\ai_doc_automation\Test Data\Cast Certificate for Testing\CastCertificate_181_page_0.png
2026-08-31 11:12:27,754  [INFO    ]  main -   [OK]     Caste Certificate               D:\ai_doc_automation\Test Data\Cast Certificate for Testing\CastCertificate_182_page_0.png
2026-08-31 11:12:27,754  [INFO    ]  main -   [OK]     Caste Certificate               D:\ai_doc_automation\Test Data\Cast Certificate for Testing\CastCertificate_183_page_0.png
2026-08-31 11:12:27,761  [INFO    ]  main -   [OK]     Caste Certificate               D:\ai_doc_automation\Test Data\Cast Certificate for Testing\CastCertificate_184_page_0.png
2026-08-31 11:12:27,761  [INFO    ]  main -   [OK]     Caste Certificate               D:\ai_doc_automation\Test Data\Cast Certificate for Testing\CastCertificate_185_page_0.png
2026-08-31 11:12:27,762  [INFO    ]  main -   [OK]     Caste Certificate               D:\ai_doc_automation\Test Data\Cast Certificate for Testing\CastCertificate_186_page_0.png
2026-08-31 11:12:27,762  [INFO    ]  main -   [OK]     Caste Certificate               D:\ai_doc_automation\Test Data\Cast Certificate for Testing\CastCertificate_187_page_0.png
2026-08-31 11:12:27,763  [INFO    ]  main -   [OK]     Caste Certificate               D:\ai_doc_automation\Test Data\Cast Certificate for Testing\CastCertificate_188_page_0.png
2026-08-31 11:12:27,764  [INFO    ]  main -   [OK]     Caste Certificate               D:\ai_doc_automation\Test Data\Cast Certificate for Testing\CastCertificate_189_page_0.png
2026-08-31 11:12:27,764  [INFO    ]  main -   [OK]     Caste Certificate               D:\ai_doc_automation\Test Data\Cast Certificate for Testing\CastCertificate_190_page_0.png
2026-08-31 11:12:27,764  [INFO    ]  main -   [OK]     Caste Certificate               D:\ai_doc_automation\Test Data\Cast Certificate for Testing\CastCertificate_191_page_0.png
2026-08-31 11:12:27,770  [INFO    ]  main -   [OK]     Caste Certificate               D:\ai_doc_automation\Test Data\Cast Certificate for Testing\CastCertificate_192_page_0.png
2026-08-31 11:12:27,770  [INFO    ]  main -   [OK]     Caste Certificate               D:\ai_doc_automation\Test Data\Cast Certificate for Testing\CastCertificate_193_page_0.png
2026-08-31 11:12:27,770  [INFO    ]  main -   [OK]     Caste Certificate               D:\ai_doc_automation\Test Data\Cast Certificate for Testing\CastCertificate_194_page_0.png
2026-08-31 11:12:27,771  [INFO    ]  main -   [OK]     Caste Certificate               D:\ai_doc_automation\Test Data\Cast Certificate for Testing\CastCertificate_195_page_0.png
2026-08-31 11:12:27,781  [INFO    ]  main -   [OK]     Caste Certificate               D:\ai_doc_automation\Test Data\Cast Certificate for Testing\CastCertificate_196_page_0.png
2026-08-31 11:12:27,781  [INFO    ]  main -   [OK]     Caste Certificate               D:\ai_doc_automation\Test Data\Cast Certificate for Testing\CastCertificate_197_page_0.png
2026-08-31 11:12:27,781  [INFO    ]  main -   [OK]     Caste Certificate               D:\ai_doc_automation\Test Data\Cast Certificate for Testing\CastCertificate_198_page_0.png
2026-08-31 11:12:27,782  [INFO    ]  main -   [OK]     Caste Certificate               D:\ai_doc_automation\Test Data\Cast Certificate for Testing\CastCertificate_199_page_0.png
2026-08-31 11:12:27,782  [INFO    ]  main -   [OK]     Residence Certificate           D:\ai_doc_automation\Test Data\Residence Certificate for Testing\ResidenceCertificate_130_page_0.png
2026-08-31 11:12:27,783  [INFO    ]  main -   [OK]     Residence Certificate           D:\ai_doc_automation\Test Data\Residence Certificate for Testing\ResidenceCertificate_131_page_0.png
2026-08-31 11:12:27,783  [INFO    ]  main -   [OK]     Residence Certificate           D:\ai_doc_automation\Test Data\Residence Certificate for Testing\ResidenceCertificate_132_page_0.png
2026-08-31 11:12:27,783  [INFO    ]  main -   [OK]     Residence Certificate           D:\ai_doc_automation\Test Data\Residence Certificate for Testing\ResidenceCertificate_133_page_0.png
2026-08-31 11:12:27,783  [INFO    ]  main -   [OK]     Residence Certificate           D:\ai_doc_automation\Test Data\Residence Certificate for Testing\ResidenceCertificate_134_page_0.png
2026-08-31 11:12:27,786  [INFO    ]  main -   [OK]     Residence Certificate           D:\ai_doc_automation\Test Data\Residence Certificate for Testing\ResidenceCertificate_135_page_0.png
2026-08-31 11:12:27,786  [INFO    ]  main -   [OK]     Residence Certificate           D:\ai_doc_automation\Test Data\Residence Certificate for Testing\ResidenceCertificate_136_page_0.png
2026-08-31 11:12:27,786  [INFO    ]  main -   [OK]     Residence Certificate           D:\ai_doc_automation\Test Data\Residence Certificate for Testing\ResidenceCertificate_137_page_0.png
2026-08-31 11:12:27,786  [INFO    ]  main -   [OK]     Residence Certificate           D:\ai_doc_automation\Test Data\Residence Certificate for Testing\ResidenceCertificate_138_page_0.png
2026-08-31 11:12:27,794  [INFO    ]  main -   [OK]     Residence Certificate           D:\ai_doc_automation\Test Data\Residence Certificate for Testing\ResidenceCertificate_139_page_0.png
2026-08-31 11:12:27,795  [INFO    ]  main -   [OK]     Residence Certificate           D:\ai_doc_automation\Test Data\Residence Certificate for Testing\ResidenceCertificate_140_page_0.png
2026-08-31 11:12:27,795  [INFO    ]  main -   [OK]     Residence Certificate           D:\ai_doc_automation\Test Data\Residence Certificate for Testing\ResidenceCertificate_141_page_0.png
2026-08-31 11:12:27,797  [INFO    ]  main -   [OK]     Residence Certificate           D:\ai_doc_automation\Test Data\Residence Certificate for Testing\ResidenceCertificate_142_page_0.png
2026-08-31 11:12:27,797  [INFO    ]  main -   [OK]     Residence Certificate           D:\ai_doc_automation\Test Data\Residence Certificate for Testing\ResidenceCertificate_143_page_0.png
2026-08-31 11:12:27,797  [INFO    ]  main -   [OK]     Residence Certificate           D:\ai_doc_automation\Test Data\Residence Certificate for Testing\ResidenceCertificate_144_page_0.png
2026-08-31 11:12:27,797  [INFO    ]  main -   [OK]     Residence Certificate           D:\ai_doc_automation\Test Data\Residence Certificate for Testing\ResidenceCertificate_145_page_0.png
2026-08-31 11:12:27,797  [INFO    ]  main -   [OK]     Residence Certificate           D:\ai_doc_automation\Test Data\Residence Certificate for Testing\ResidenceCertificate_146_page_0.png
2026-08-31 11:12:27,816  [INFO    ]  main -   [OK]     Residence Certificate           D:\ai_doc_automation\Test Data\Residence Certificate for Testing\ResidenceCertificate_147_page_0.png
2026-08-31 11:12:27,816  [INFO    ]  main -   [OK]     Residence Certificate           D:\ai_doc_automation\Test Data\Residence Certificate for Testing\ResidenceCertificate_148_page_0.png
2026-08-31 11:12:27,816  [INFO    ]  main -   [OK]     Residence Certificate           D:\ai_doc_automation\Test Data\Residence Certificate for Testing\ResidenceCertificate_149_page_0.png
2026-08-31 11:12:27,816  [INFO    ]  main -   [OK]     Residence Certificate           D:\ai_doc_automation\Test Data\Residence Certificate for Testing\ResidenceCertificate_150_page_0.png
2026-08-31 11:12:27,828  [INFO    ]  main -   [OK]     Residence Certificate           D:\ai_doc_automation\Test Data\Residence Certificate for Testing\ResidenceCertificate_151_page_0.png
2026-08-31 11:12:27,828  [INFO    ]  main -   [OK]     Residence Certificate           D:\ai_doc_automation\Test Data\Residence Certificate for Testing\ResidenceCertificate_152_page_0.png
2026-08-31 11:12:27,829  [INFO    ]  main -   [OK]     Residence Certificate           D:\ai_doc_automation\Test Data\Residence Certificate for Testing\ResidenceCertificate_153_page_0.png
2026-08-31 11:12:27,830  [INFO    ]  main -   [OK]     Residence Certificate           D:\ai_doc_automation\Test Data\Residence Certificate for Testing\ResidenceCertificate_154_page_0.png
2026-08-31 11:12:27,831  [INFO    ]  main -   [OK]     Residence Certificate           D:\ai_doc_automation\Test Data\Residence Certificate for Testing\ResidenceCertificate_155_page_0.png
2026-08-31 11:12:27,831  [INFO    ]  main -   [OK]     Residence Certificate           D:\ai_doc_automation\Test Data\Residence Certificate for Testing\ResidenceCertificate_156_page_0.png
2026-08-31 11:12:27,832  [INFO    ]  main -   [OK]     Residence Certificate           D:\ai_doc_automation\Test Data\Residence Certificate for Testing\ResidenceCertificate_157_page_0.png
2026-08-31 11:12:27,832  [INFO    ]  main -   [OK]     Residence Certificate           D:\ai_doc_automation\Test Data\Residence Certificate for Testing\ResidenceCertificate_158_page_0.png
2026-08-31 11:12:27,837  [INFO    ]  main -   [OK]     Residence Certificate           D:\ai_doc_automation\Test Data\Residence Certificate for Testing\ResidenceCertificate_159_page_0.png
2026-08-31 11:12:27,837  [INFO    ]  main -   [OK]     Residence Certificate           D:\ai_doc_automation\Test Data\Residence Certificate for Testing\ResidenceCertificate_160_page_0.png
2026-08-31 11:12:27,837  [INFO    ]  main -   [OK]     Residence Certificate           D:\ai_doc_automation\Test Data\Residence Certificate for Testing\ResidenceCertificate_161_page_0.png
2026-08-31 11:12:27,837  [INFO    ]  main -   [OK]     Residence Certificate           D:\ai_doc_automation\Test Data\Residence Certificate for Testing\ResidenceCertificate_162_page_0.png
2026-08-31 11:12:27,846  [INFO    ]  main -   [OK]     Residence Certificate           D:\ai_doc_automation\Test Data\Residence Certificate for Testing\ResidenceCertificate_163_page_0.png
2026-08-31 11:12:27,846  [INFO    ]  main -   [OK]     Residence Certificate           D:\ai_doc_automation\Test Data\Residence Certificate for Testing\ResidenceCertificate_164_page_0.png
2026-08-31 11:12:27,846  [INFO    ]  main -   [OK]     Residence Certificate           D:\ai_doc_automation\Test Data\Residence Certificate for Testing\ResidenceCertificate_165_page_0.png
2026-08-31 11:12:27,846  [INFO    ]  main -   [OK]     Residence Certificate           D:\ai_doc_automation\Test Data\Residence Certificate for Testing\ResidenceCertificate_166_page_0.png
2026-08-31 11:12:27,846  [INFO    ]  main -   [OK]     Residence Certificate           D:\ai_doc_automation\Test Data\Residence Certificate for Testing\ResidenceCertificate_167_page_0.png
2026-08-31 11:12:27,863  [INFO    ]  main -   [OK]     Residence Certificate           D:\ai_doc_automation\Test Data\Residence Certificate for Testing\ResidenceCertificate_168_page_0.png
2026-08-31 11:12:27,864  [INFO    ]  main -   [OK]     Residence Certificate           D:\ai_doc_automation\Test Data\Residence Certificate for Testing\ResidenceCertificate_169_page_0.png
2026-08-31 11:12:27,864  [INFO    ]  main -   [OK]     Residence Certificate           D:\ai_doc_automation\Test Data\Residence Certificate for Testing\ResidenceCertificate_170_page_0.png
2026-08-31 11:12:27,864  [INFO    ]  main -   [OK]     Residence Certificate           D:\ai_doc_automation\Test Data\Residence Certificate for Testing\ResidenceCertificate_171_page_0.png
2026-08-31 11:12:27,869  [INFO    ]  main -   [OK]     Residence Certificate           D:\ai_doc_automation\Test Data\Residence Certificate for Testing\ResidenceCertificate_172_page_0.png
2026-08-31 11:12:27,869  [INFO    ]  main -   [OK]     Residence Certificate           D:\ai_doc_automation\Test Data\Residence Certificate for Testing\ResidenceCertificate_173_page_0.png
2026-08-31 11:12:27,869  [INFO    ]  main -   [OK]     Residence Certificate           D:\ai_doc_automation\Test Data\Residence Certificate for Testing\ResidenceCertificate_174_page_0.png
2026-08-31 11:12:27,869  [INFO    ]  main -   [OK]     Residence Certificate           D:\ai_doc_automation\Test Data\Residence Certificate for Testing\ResidenceCertificate_175_page_0.png
2026-08-31 11:12:27,882  [INFO    ]  main -   [OK]     Residence Certificate           D:\ai_doc_automation\Test Data\Residence Certificate for Testing\ResidenceCertificate_176_page_0.png
2026-08-31 11:12:27,882  [INFO    ]  main -   [OK]     Residence Certificate           D:\ai_doc_automation\Test Data\Residence Certificate for Testing\ResidenceCertificate_177_page_0.png
2026-08-31 11:12:27,882  [INFO    ]  main -   [OK]     Residence Certificate           D:\ai_doc_automation\Test Data\Residence Certificate for Testing\ResidenceCertificate_178_page_0.png
2026-08-31 11:12:27,882  [INFO    ]  main -   [OK]     Residence Certificate           D:\ai_doc_automation\Test Data\Residence Certificate for Testing\ResidenceCertificate_179_page_0.png
2026-08-31 11:12:27,892  [INFO    ]  main -   [OK]     Residence Certificate           D:\ai_doc_automation\Test Data\Residence Certificate for Testing\ResidenceCertificate_180_page_0.png
2026-08-31 11:12:27,892  [INFO    ]  main -   [OK]     Residence Certificate           D:\ai_doc_automation\Test Data\Residence Certificate for Testing\ResidenceCertificate_181_page_0.png
2026-08-31 11:12:27,892  [INFO    ]  main -   [OK]     Residence Certificate           D:\ai_doc_automation\Test Data\Residence Certificate for Testing\ResidenceCertificate_182_page_0.png
2026-08-31 11:12:27,893  [INFO    ]  main -   [OK]     Residence Certificate           D:\ai_doc_automation\Test Data\Residence Certificate for Testing\ResidenceCertificate_183_page_0.png
2026-08-31 11:12:27,894  [INFO    ]  main -   [OK]     Residence Certificate           D:\ai_doc_automation\Test Data\Residence Certificate for Testing\ResidenceCertificate_184_page_0.png
2026-08-31 11:12:27,895  [INFO    ]  main -   [OK]     Residence Certificate           D:\ai_doc_automation\Test Data\Residence Certificate for Testing\ResidenceCertificate_185_page_0.png
2026-08-31 11:12:27,895  [INFO    ]  main -   [OK]     Residence Certificate           D:\ai_doc_automation\Test Data\Residence Certificate for Testing\ResidenceCertificate_186_page_0.png
2026-08-31 11:12:27,895  [INFO    ]  main -   [OK]     Residence Certificate           D:\ai_doc_automation\Test Data\Residence Certificate for Testing\ResidenceCertificate_187_page_0.png
2026-08-31 11:12:27,897  [INFO    ]  main -   [OK]     Residence Certificate           D:\ai_doc_automation\Test Data\Residence Certificate for Testing\ResidenceCertificate_188_page_0.png
2026-08-31 11:12:27,897  [INFO    ]  main -   [OK]     Residence Certificate           D:\ai_doc_automation\Test Data\Residence Certificate for Testing\ResidenceCertificate_189_page_0.png
2026-08-31 11:12:27,897  [INFO    ]  main -   [OK]     Residence Certificate           D:\ai_doc_automation\Test Data\Residence Certificate for Testing\ResidenceCertificate_190_page_0.png
2026-08-31 11:12:27,897  [INFO    ]  main -   [OK]     Residence Certificate           D:\ai_doc_automation\Test Data\Residence Certificate for Testing\ResidenceCertificate_191_page_0.png
2026-08-31 11:12:27,898  [INFO    ]  main -   [OK]     Residence Certificate           D:\ai_doc_automation\Test Data\Residence Certificate for Testing\ResidenceCertificate_192_page_0.png
2026-08-31 11:12:27,898  [INFO    ]  main -   [OK]     Residence Certificate           D:\ai_doc_automation\Test Data\Residence Certificate for Testing\ResidenceCertificate_193_page_0.png
2026-08-31 11:12:27,898  [INFO    ]  main -   [OK]     Residence Certificate           D:\ai_doc_automation\Test Data\Residence Certificate for Testing\ResidenceCertificate_194_page_0.png
2026-08-31 11:12:27,898  [INFO    ]  main -   [OK]     Residence Certificate           D:\ai_doc_automation\Test Data\Residence Certificate for Testing\ResidenceCertificate_195_page_0.png
2026-08-31 11:12:27,915  [INFO    ]  main -   [OK]     Residence Certificate           D:\ai_doc_automation\Test Data\Residence Certificate for Testing\ResidenceCertificate_196_page_0.png
2026-08-31 11:12:27,915  [INFO    ]  main -   [OK]     Residence Certificate           D:\ai_doc_automation\Test Data\Residence Certificate for Testing\ResidenceCertificate_197_page_0.png
2026-08-31 11:12:27,915  [INFO    ]  main -   [OK]     Residence Certificate           D:\ai_doc_automation\Test Data\Residence Certificate for Testing\ResidenceCertificate_198_page_0.png
2026-08-31 11:12:27,916  [INFO    ]  main -   [OK]     Residence Certificate           D:\ai_doc_automation\Test Data\Residence Certificate for Testing\ResidenceCertificate_199_page_0.png
2026-08-31 11:12:27,916  [INFO    ]  main - 
[DRY RUN] Done.  Found: 438  |  Missing: 0
