2026-09-05 13:45:08,784  [INFO    ]  main - ============================================================
2026-09-05 13:45:08,784  [INFO    ]  main -   VERIFAI Document Automation - Starting
2026-09-05 13:45:08,784  [INFO    ]  main - ============================================================
2026-09-05 13:45:08,785  [INFO    ]  main - Input file : D:\ai_doc_automation\input\input_map.xlsx
2026-09-05 13:45:09,146  [INFO    ]  main - Records to process: 444
2026-09-05 13:45:09,146  [INFO    ]  main - [DRY RUN] Checking file paths...
2026-09-05 13:45:09,146  [INFO    ]  main -   [OK]     Aadhaar Card                    D:\ai_doc_automation\Test Data\Adhar card  for Testing\Aadhar Card Test - Digi Locker.pdf
2026-09-05 13:45:09,146  [INFO    ]  main -   [OK]     Aadhaar Card                    D:\ai_doc_automation\Test Data\Adhar card  for Testing\Aadhar1.jpg
2026-09-05 13:45:09,146  [INFO    ]  main -   [OK]     Aadhaar Card                    D:\ai_doc_automation\Test Data\Adhar card  for Testing\Aadhar2.jpg
2026-09-05 13:45:09,146  [INFO    ]  main -   [OK]     Aadhaar Card                    D:\ai_doc_automation\Test Data\Adhar card  for Testing\Aadhar3.jpg
2026-09-05 13:45:09,146  [INFO    ]  main -   [OK]     Aadhaar Card                    D:\ai_doc_automation\Test Data\Adhar card  for Testing\Chinmaya Aadhara.pdf
2026-09-05 13:45:09,146  [INFO    ]  main -   [OK]     PAN Card                        D:\ai_doc_automation\Test Data\PAN card for Testing\PAN.jpg
2026-09-05 13:45:09,146  [INFO    ]  main -   [OK]     PAN Card                        D:\ai_doc_automation\Test Data\PAN card for Testing\PAN1.jpg
2026-09-05 13:45:09,146  [INFO    ]  main -   [OK]     PAN Card                        D:\ai_doc_automation\Test Data\PAN card for Testing\PAN2.jpg
2026-09-05 13:45:09,146  [INFO    ]  main -   [OK]     PAN Card                        D:\ai_doc_automation\Test Data\PAN card for Testing\Pancard.jpg
2026-09-05 13:45:09,146  [INFO    ]  main -   [OK]     PAN Card                        D:\ai_doc_automation\Test Data\PAN card for Testing\Pancard2.jpg
2026-09-05 13:45:09,146  [INFO    ]  main -   [OK]     Indian Passport                 D:\ai_doc_automation\Test Data\Passport for Testing\Indianpassportbiopage2025.jpg
2026-09-05 13:45:09,161  [INFO    ]  main -   [OK]     Indian Passport                 D:\ai_doc_automation\Test Data\Passport for Testing\indianpp.jpg
2026-09-05 13:45:09,162  [INFO    ]  main -   [OK]     Indian Passport                 D:\ai_doc_automation\Test Data\Passport for Testing\sample-indian-passport-1.jpg
2026-09-05 13:45:09,163  [INFO    ]  main -   [OK]     Driving Licence                 D:\ai_doc_automation\Test Data\DL for Testing\Dl_Odisha.jpg
2026-09-05 13:45:09,163  [INFO    ]  main -   [OK]     Driving Licence                 D:\ai_doc_automation\Test Data\DL for Testing\Driving Licence 2.jpg
2026-09-05 13:45:09,163  [INFO    ]  main -   [OK]     Driving Licence                 D:\ai_doc_automation\Test Data\DL for Testing\Driving Licence.pdf
2026-09-05 13:45:09,163  [INFO    ]  main -   [OK]     Driving Licence                 D:\ai_doc_automation\Test Data\DL for Testing\Driving License Image1.jpg
2026-09-05 13:45:09,163  [INFO    ]  main -   [OK]     Driving Licence                 D:\ai_doc_automation\Test Data\DL for Testing\Driving License Sample.jpg
2026-09-05 13:45:09,163  [INFO    ]  main -   [OK]     10th Marksheet                  D:\ai_doc_automation\Test Data\10th Marksheet for Testing\Document10_1053_page_0.png
2026-09-05 13:45:09,163  [INFO    ]  main -   [OK]     10th Marksheet                  D:\ai_doc_automation\Test Data\10th Marksheet for Testing\Document10_1054_page_0.png
2026-09-05 13:45:09,163  [INFO    ]  main -   [OK]     10th Marksheet                  D:\ai_doc_automation\Test Data\10th Marksheet for Testing\Document10_1055_page_0.png
2026-09-05 13:45:09,163  [INFO    ]  main -   [OK]     10th Marksheet                  D:\ai_doc_automation\Test Data\10th Marksheet for Testing\Document10_1056_page_0.png
2026-09-05 13:45:09,163  [INFO    ]  main -   [OK]     10th Marksheet                  D:\ai_doc_automation\Test Data\10th Marksheet for Testing\Document10_1057_page_0.png
2026-09-05 13:45:09,163  [INFO    ]  main -   [OK]     10th Marksheet                  D:\ai_doc_automation\Test Data\10th Marksheet for Testing\Document10_1058_page_0.png
2026-09-05 13:45:09,163  [INFO    ]  main -   [OK]     10th Marksheet                  D:\ai_doc_automation\Test Data\10th Marksheet for Testing\Document10_1059_page_0.png
2026-09-05 13:45:09,163  [INFO    ]  main -   [OK]     10th Marksheet                  D:\ai_doc_automation\Test Data\10th Marksheet for Testing\Document10_1060_page_0.png
2026-09-05 13:45:09,163  [INFO    ]  main -   [OK]     10th Marksheet                  D:\ai_doc_automation\Test Data\10th Marksheet for Testing\Document10_1061_page_0.png
2026-09-05 13:45:09,163  [INFO    ]  main -   [OK]     10th Marksheet                  D:\ai_doc_automation\Test Data\10th Marksheet for Testing\Document10_1062_page_0.png
2026-09-05 13:45:09,163  [INFO    ]  main -   [OK]     10th Marksheet                  D:\ai_doc_automation\Test Data\10th Marksheet for Testing\Document10_1065_page_0.png
2026-09-05 13:45:09,163  [INFO    ]  main -   [OK]     10th Marksheet                  D:\ai_doc_automation\Test Data\10th Marksheet for Testing\Document10_1066_page_0.png
2026-09-05 13:45:09,163  [INFO    ]  main -   [OK]     10th Marksheet                  D:\ai_doc_automation\Test Data\10th Marksheet for Testing\Document10_1067_page_0.png
2026-09-05 13:45:09,163  [INFO    ]  main -   [OK]     10th Marksheet                  D:\ai_doc_automation\Test Data\10th Marksheet for Testing\Document10_1068_page_0.png
2026-09-05 13:45:09,163  [INFO    ]  main -   [OK]     10th Marksheet                  D:\ai_doc_automation\Test Data\10th Marksheet for Testing\Document10_1069_page_0.png
2026-09-05 13:45:09,163  [INFO    ]  main -   [OK]     10th Marksheet                  D:\ai_doc_automation\Test Data\10th Marksheet for Testing\Document10_1070_page_0.png
2026-09-05 13:45:09,163  [INFO    ]  main -   [OK]     10th Marksheet                  D:\ai_doc_automation\Test Data\10th Marksheet for Testing\Document10_1071_page_0.png
2026-09-05 13:45:09,163  [INFO    ]  main -   [OK]     10th Marksheet                  D:\ai_doc_automation\Test Data\10th Marksheet for Testing\Document10_1072_page_0.png
2026-09-05 13:45:09,163  [INFO    ]  main -   [OK]     10th Marksheet                  D:\ai_doc_automation\Test Data\10th Marksheet for Testing\Document10_1073_page_0.png
2026-09-05 13:45:09,163  [INFO    ]  main -   [OK]     10th Marksheet                  D:\ai_doc_automation\Test Data\10th Marksheet for Testing\Document10_1074_page_0.png
2026-09-05 13:45:09,163  [INFO    ]  main -   [OK]     10th Marksheet                  D:\ai_doc_automation\Test Data\10th Marksheet for Testing\Document10_1077_page_0.png
2026-09-05 13:45:09,163  [INFO    ]  main -   [OK]     10th Marksheet                  D:\ai_doc_automation\Test Data\10th Marksheet for Testing\Document10_1078_page_0.png
2026-09-05 13:45:09,163  [INFO    ]  main -   [OK]     10th Marksheet                  D:\ai_doc_automation\Test Data\10th Marksheet for Testing\Document10_1079_page_0.png
2026-09-05 13:45:09,163  [INFO    ]  main -   [OK]     10th Marksheet                  D:\ai_doc_automation\Test Data\10th Marksheet for Testing\Document10_1080_page_0.png
2026-09-05 13:45:09,163  [INFO    ]  main -   [OK]     10th Marksheet                  D:\ai_doc_automation\Test Data\10th Marksheet for Testing\Document10_1081_page_0.png
2026-09-05 13:45:09,163  [INFO    ]  main -   [OK]     10th Marksheet                  D:\ai_doc_automation\Test Data\10th Marksheet for Testing\Document10_1082_page_0.png
2026-09-05 13:45:09,163  [INFO    ]  main -   [OK]     10th Marksheet                  D:\ai_doc_automation\Test Data\10th Marksheet for Testing\Document10_1083_page_0.png
2026-09-05 13:45:09,163  [INFO    ]  main -   [OK]     10th Marksheet                  D:\ai_doc_automation\Test Data\10th Marksheet for Testing\Document10_1084_page_0.png
2026-09-05 13:45:09,163  [INFO    ]  main -   [OK]     10th Marksheet                  D:\ai_doc_automation\Test Data\10th Marksheet for Testing\Document10_1085_page_0.png
2026-09-05 13:45:09,163  [INFO    ]  main -   [OK]     10th Marksheet                  D:\ai_doc_automation\Test Data\10th Marksheet for Testing\Document10_1086_page_0.png
2026-09-05 13:45:09,163  [INFO    ]  main -   [OK]     10th Marksheet                  D:\ai_doc_automation\Test Data\10th Marksheet for Testing\Document10_1089_page_0.png
2026-09-05 13:45:09,163  [INFO    ]  main -   [OK]     10th Marksheet                  D:\ai_doc_automation\Test Data\10th Marksheet for Testing\Document10_1090_page_0.png
2026-09-05 13:45:09,163  [INFO    ]  main -   [OK]     10th Marksheet                  D:\ai_doc_automation\Test Data\10th Marksheet for Testing\Document10_1091_page_0.png
2026-09-05 13:45:09,163  [INFO    ]  main -   [OK]     10th Marksheet                  D:\ai_doc_automation\Test Data\10th Marksheet for Testing\Document10_1092_page_0.png
2026-09-05 13:45:09,178  [INFO    ]  main -   [OK]     10th Marksheet                  D:\ai_doc_automation\Test Data\10th Marksheet for Testing\Document10_1093_page_0.png
2026-09-05 13:45:09,179  [INFO    ]  main -   [OK]     10th Marksheet                  D:\ai_doc_automation\Test Data\10th Marksheet for Testing\Document10_1094_page_0.png
2026-09-05 13:45:09,179  [INFO    ]  main -   [OK]     10th Marksheet                  D:\ai_doc_automation\Test Data\10th Marksheet for Testing\Document10_1095_page_0.png
2026-09-05 13:45:09,180  [INFO    ]  main -   [OK]     10th Marksheet                  D:\ai_doc_automation\Test Data\10th Marksheet for Testing\Document10_1096_page_0.png
2026-09-05 13:45:09,180  [INFO    ]  main -   [OK]     10th Marksheet                  D:\ai_doc_automation\Test Data\10th Marksheet for Testing\Document10_1097_page_0.png
2026-09-05 13:45:09,180  [INFO    ]  main -   [OK]     10th Marksheet                  D:\ai_doc_automation\Test Data\10th Marksheet for Testing\Document10_1098_page_0.png
2026-09-05 13:45:09,181  [INFO    ]  main -   [OK]     10th Marksheet                  D:\ai_doc_automation\Test Data\10th Marksheet for Testing\Document10_1101_page_0.png
2026-09-05 13:45:09,181  [INFO    ]  main -   [OK]     10th Marksheet                  D:\ai_doc_automation\Test Data\10th Marksheet for Testing\Document10_1102_page_0.png
2026-09-05 13:45:09,181  [INFO    ]  main -   [OK]     10th Marksheet                  D:\ai_doc_automation\Test Data\10th Marksheet for Testing\Document10_1103_page_0.png
2026-09-05 13:45:09,182  [INFO    ]  main -   [OK]     10th Marksheet                  D:\ai_doc_automation\Test Data\10th Marksheet for Testing\Document10_1104_page_0.png
2026-09-05 13:45:09,182  [INFO    ]  main -   [OK]     10th Marksheet                  D:\ai_doc_automation\Test Data\10th Marksheet for Testing\Document10_1105_page_0.png
2026-09-05 13:45:09,182  [INFO    ]  main -   [OK]     10th Marksheet                  D:\ai_doc_automation\Test Data\10th Marksheet for Testing\Document10_1106_page_0.png
2026-09-05 13:45:09,183  [INFO    ]  main -   [OK]     10th Marksheet                  D:\ai_doc_automation\Test Data\10th Marksheet for Testing\Document10_1107_page_0.png
2026-09-05 13:45:09,183  [INFO    ]  main -   [OK]     10th Marksheet                  D:\ai_doc_automation\Test Data\10th Marksheet for Testing\Document10_1108_page_0.png
2026-09-05 13:45:09,183  [INFO    ]  main -   [OK]     10th Marksheet                  D:\ai_doc_automation\Test Data\10th Marksheet for Testing\Document10_1109_page_0.png
2026-09-05 13:45:09,184  [INFO    ]  main -   [OK]     10th Marksheet                  D:\ai_doc_automation\Test Data\10th Marksheet for Testing\Document10_1110_page_0.png
2026-09-05 13:45:09,184  [INFO    ]  main -   [OK]     10th Marksheet                  D:\ai_doc_automation\Test Data\10th Marksheet for Testing\Document10_1113_page_0.png
2026-09-05 13:45:09,184  [INFO    ]  main -   [OK]     10th Marksheet                  D:\ai_doc_automation\Test Data\10th Marksheet for Testing\Document10_1114_page_0.png
2026-09-05 13:45:09,185  [INFO    ]  main -   [OK]     10th Marksheet                  D:\ai_doc_automation\Test Data\10th Marksheet for Testing\Document10_1115_page_0.png
2026-09-05 13:45:09,185  [INFO    ]  main -   [OK]     10th Marksheet                  D:\ai_doc_automation\Test Data\10th Marksheet for Testing\Document10_1116_page_0.png
2026-09-05 13:45:09,185  [INFO    ]  main -   [OK]     10th Marksheet                  D:\ai_doc_automation\Test Data\10th Marksheet for Testing\Document10_1117_page_0.png
2026-09-05 13:45:09,186  [INFO    ]  main -   [OK]     10th Marksheet                  D:\ai_doc_automation\Test Data\10th Marksheet for Testing\Document10_1118_page_0.png
2026-09-05 13:45:09,186  [INFO    ]  main -   [OK]     10th Marksheet                  D:\ai_doc_automation\Test Data\10th Marksheet for Testing\Document10_1119_page_0.png
2026-09-05 13:45:09,186  [INFO    ]  main -   [OK]     10th Marksheet                  D:\ai_doc_automation\Test Data\10th Marksheet for Testing\Document10_1120_page_0.png
2026-09-05 13:45:09,187  [INFO    ]  main -   [OK]     10th Marksheet                  D:\ai_doc_automation\Test Data\10th Marksheet for Testing\Document10_1121_page_0.png
2026-09-05 13:45:09,187  [INFO    ]  main -   [OK]     10th Marksheet                  D:\ai_doc_automation\Test Data\10th Marksheet for Testing\Document10_1122_page_0.png
2026-09-05 13:45:09,188  [INFO    ]  main -   [OK]     10th Marksheet                  D:\ai_doc_automation\Test Data\10th Marksheet for Testing\Document10_1125_page_0.png
2026-09-05 13:45:09,188  [INFO    ]  main -   [OK]     10th Marksheet                  D:\ai_doc_automation\Test Data\10th Marksheet for Testing\Document10_1126_page_0.png
2026-09-05 13:45:09,189  [INFO    ]  main -   [OK]     10th Marksheet                  D:\ai_doc_automation\Test Data\10th Marksheet for Testing\Document10_1127_page_0.png
2026-09-05 13:45:09,189  [INFO    ]  main -   [OK]     10th Marksheet                  D:\ai_doc_automation\Test Data\10th Marksheet for Testing\Document10_1128_page_0.png
2026-09-05 13:45:09,189  [INFO    ]  main -   [OK]     10th Marksheet                  D:\ai_doc_automation\Test Data\10th Marksheet for Testing\Document10_1129_page_0.png
2026-09-05 13:45:09,190  [INFO    ]  main -   [OK]     10th Marksheet                  D:\ai_doc_automation\Test Data\10th Marksheet for Testing\Document10_1130_page_0.png
2026-09-05 13:45:09,190  [INFO    ]  main -   [OK]     10th Marksheet                  D:\ai_doc_automation\Test Data\10th Marksheet for Testing\Document10_1131_page_0.png
2026-09-05 13:45:09,190  [INFO    ]  main -   [OK]     10th Marksheet                  D:\ai_doc_automation\Test Data\10th Marksheet for Testing\Document10_1132_page_0.png
2026-09-05 13:45:09,191  [INFO    ]  main -   [OK]     10th Marksheet                  D:\ai_doc_automation\Test Data\10th Marksheet for Testing\Document10_1133_page_0.png
2026-09-05 13:45:09,191  [INFO    ]  main -   [OK]     10th Marksheet                  D:\ai_doc_automation\Test Data\10th Marksheet for Testing\Document10_1134_page_0.png
2026-09-05 13:45:09,192  [INFO    ]  main -   [OK]     12th Marksheet                  D:\ai_doc_automation\Test Data\12th Certificate for Testing\Document11_188_page_0.png
2026-09-05 13:45:09,192  [INFO    ]  main -   [OK]     12th Marksheet                  D:\ai_doc_automation\Test Data\12th Certificate for Testing\Document11_189_page_0.png
2026-09-05 13:45:09,192  [INFO    ]  main -   [OK]     12th Marksheet                  D:\ai_doc_automation\Test Data\12th Certificate for Testing\Document11_190_page_0.png
2026-09-05 13:45:09,194  [INFO    ]  main -   [OK]     12th Marksheet                  D:\ai_doc_automation\Test Data\12th Certificate for Testing\Document11_191_page_0.png
2026-09-05 13:45:09,194  [INFO    ]  main -   [OK]     12th Marksheet                  D:\ai_doc_automation\Test Data\12th Certificate for Testing\Document11_192_page_0.png
2026-09-05 13:45:09,195  [INFO    ]  main -   [OK]     12th Marksheet                  D:\ai_doc_automation\Test Data\12th Certificate for Testing\Document11_193_page_0.png
2026-09-05 13:45:09,195  [INFO    ]  main -   [OK]     12th Marksheet                  D:\ai_doc_automation\Test Data\12th Certificate for Testing\Document11_194_page_0.png
2026-09-05 13:45:09,195  [INFO    ]  main -   [OK]     12th Marksheet                  D:\ai_doc_automation\Test Data\12th Certificate for Testing\Document11_195_page_0.png
2026-09-05 13:45:09,196  [INFO    ]  main -   [OK]     12th Marksheet                  D:\ai_doc_automation\Test Data\12th Certificate for Testing\Document11_196_page_0.png
2026-09-05 13:45:09,196  [INFO    ]  main -   [OK]     12th Marksheet                  D:\ai_doc_automation\Test Data\12th Certificate for Testing\Document11_197_page_0.png
2026-09-05 13:45:09,197  [INFO    ]  main -   [OK]     12th Marksheet                  D:\ai_doc_automation\Test Data\12th Certificate for Testing\Document11_198_page_0.png
2026-09-05 13:45:09,198  [INFO    ]  main -   [OK]     12th Marksheet                  D:\ai_doc_automation\Test Data\12th Certificate for Testing\Document11_198_page_1.png
2026-09-05 13:45:09,198  [INFO    ]  main -   [OK]     12th Marksheet                  D:\ai_doc_automation\Test Data\12th Certificate for Testing\Document11_199_page_0.png
2026-09-05 13:45:09,199  [INFO    ]  main -   [OK]     12th Marksheet                  D:\ai_doc_automation\Test Data\12th Certificate for Testing\Document11_200_page_0.png
2026-09-05 13:45:09,199  [INFO    ]  main -   [OK]     12th Marksheet                  D:\ai_doc_automation\Test Data\12th Certificate for Testing\Document11_201_page_0.png
2026-09-05 13:45:09,199  [INFO    ]  main -   [OK]     12th Marksheet                  D:\ai_doc_automation\Test Data\12th Certificate for Testing\Document11_202_page_0.png
2026-09-05 13:45:09,199  [INFO    ]  main -   [OK]     12th Marksheet                  D:\ai_doc_automation\Test Data\12th Certificate for Testing\Document11_203_page_0.png
2026-09-05 13:45:09,199  [INFO    ]  main -   [OK]     12th Marksheet                  D:\ai_doc_automation\Test Data\12th Certificate for Testing\Document11_204_page_0.png
2026-09-05 13:45:09,199  [INFO    ]  main -   [OK]     12th Marksheet                  D:\ai_doc_automation\Test Data\12th Certificate for Testing\Document11_205_page_0.png
2026-09-05 13:45:09,199  [INFO    ]  main -   [OK]     12th Marksheet                  D:\ai_doc_automation\Test Data\12th Certificate for Testing\Document11_206_page_0.png
2026-09-05 13:45:09,199  [INFO    ]  main -   [OK]     12th Marksheet                  D:\ai_doc_automation\Test Data\12th Certificate for Testing\Document11_207_page_0.png
2026-09-05 13:45:09,199  [INFO    ]  main -   [OK]     12th Marksheet                  D:\ai_doc_automation\Test Data\12th Certificate for Testing\Document11_208_page_0.png
2026-09-05 13:45:09,199  [INFO    ]  main -   [OK]     12th Marksheet                  D:\ai_doc_automation\Test Data\12th Certificate for Testing\Document11_209_page_0.png
2026-09-05 13:45:09,199  [INFO    ]  main -   [OK]     12th Marksheet                  D:\ai_doc_automation\Test Data\12th Certificate for Testing\Document11_210_page_0.png
2026-09-05 13:45:09,199  [INFO    ]  main -   [OK]     12th Marksheet                  D:\ai_doc_automation\Test Data\12th Certificate for Testing\Document11_211_page_0.png
2026-09-05 13:45:09,199  [INFO    ]  main -   [OK]     12th Marksheet                  D:\ai_doc_automation\Test Data\12th Certificate for Testing\Document11_212_page_0.png
2026-09-05 13:45:09,199  [INFO    ]  main -   [OK]     12th Marksheet                  D:\ai_doc_automation\Test Data\12th Certificate for Testing\Document11_213_page_0.png
2026-09-05 13:45:09,199  [INFO    ]  main -   [OK]     12th Marksheet                  D:\ai_doc_automation\Test Data\12th Certificate for Testing\Document11_214_page_0.png
2026-09-05 13:45:09,199  [INFO    ]  main -   [OK]     12th Marksheet                  D:\ai_doc_automation\Test Data\12th Certificate for Testing\Document11_215_page_0.png
2026-09-05 13:45:09,199  [INFO    ]  main -   [OK]     12th Marksheet                  D:\ai_doc_automation\Test Data\12th Certificate for Testing\Document11_216_page_0.png
2026-09-05 13:45:09,199  [INFO    ]  main -   [OK]     12th Marksheet                  D:\ai_doc_automation\Test Data\12th Certificate for Testing\Document11_217_page_0.png
2026-09-05 13:45:09,199  [INFO    ]  main -   [OK]     12th Marksheet                  D:\ai_doc_automation\Test Data\12th Certificate for Testing\Document11_218_page_0.png
2026-09-05 13:45:09,199  [INFO    ]  main -   [OK]     12th Marksheet                  D:\ai_doc_automation\Test Data\12th Certificate for Testing\Document11_219_page_0.png
2026-09-05 13:45:09,199  [INFO    ]  main -   [OK]     12th Marksheet                  D:\ai_doc_automation\Test Data\12th Certificate for Testing\Document11_220_page_0.png
2026-09-05 13:45:09,199  [INFO    ]  main -   [OK]     12th Marksheet                  D:\ai_doc_automation\Test Data\12th Certificate for Testing\Document11_221_page_0.png
2026-09-05 13:45:09,199  [INFO    ]  main -   [OK]     12th Marksheet                  D:\ai_doc_automation\Test Data\12th Certificate for Testing\Document11_222_page_0.png
2026-09-05 13:45:09,199  [INFO    ]  main -   [OK]     12th Marksheet                  D:\ai_doc_automation\Test Data\12th Certificate for Testing\Document11_223_page_0.png
2026-09-05 13:45:09,199  [INFO    ]  main -   [OK]     12th Marksheet                  D:\ai_doc_automation\Test Data\12th Certificate for Testing\Document11_224_page_0.png
2026-09-05 13:45:09,199  [INFO    ]  main -   [OK]     12th Marksheet                  D:\ai_doc_automation\Test Data\12th Certificate for Testing\Document11_225_page_0.png
2026-09-05 13:45:09,212  [INFO    ]  main -   [OK]     12th Marksheet                  D:\ai_doc_automation\Test Data\12th Certificate for Testing\Document11_226_page_0.png
2026-09-05 13:45:09,213  [INFO    ]  main -   [OK]     12th Marksheet                  D:\ai_doc_automation\Test Data\12th Certificate for Testing\Document11_227_page_0.png
2026-09-05 13:45:09,213  [INFO    ]  main -   [OK]     12th Marksheet                  D:\ai_doc_automation\Test Data\12th Certificate for Testing\Document11_228_page_0.png
2026-09-05 13:45:09,213  [INFO    ]  main -   [OK]     12th Marksheet                  D:\ai_doc_automation\Test Data\12th Certificate for Testing\Document11_229_page_0.png
2026-09-05 13:45:09,213  [INFO    ]  main -   [OK]     12th Marksheet                  D:\ai_doc_automation\Test Data\12th Certificate for Testing\Document11_230_page_0.png
2026-09-05 13:45:09,213  [INFO    ]  main -   [OK]     12th Marksheet                  D:\ai_doc_automation\Test Data\12th Certificate for Testing\Document11_231_page_0.png
2026-09-05 13:45:09,213  [INFO    ]  main -   [OK]     12th Marksheet                  D:\ai_doc_automation\Test Data\12th Certificate for Testing\Document11_232_page_0.png
2026-09-05 13:45:09,213  [INFO    ]  main -   [OK]     12th Marksheet                  D:\ai_doc_automation\Test Data\12th Certificate for Testing\Document11_233_page_0.png
2026-09-05 13:45:09,213  [INFO    ]  main -   [OK]     12th Marksheet                  D:\ai_doc_automation\Test Data\12th Certificate for Testing\Document11_234_page_0.png
2026-09-05 13:45:09,213  [INFO    ]  main -   [OK]     12th Marksheet                  D:\ai_doc_automation\Test Data\12th Certificate for Testing\Document11_235_page_0.png
2026-09-05 13:45:09,213  [INFO    ]  main -   [OK]     12th Marksheet                  D:\ai_doc_automation\Test Data\12th Certificate for Testing\Document11_236_page_0.png
2026-09-05 13:45:09,213  [INFO    ]  main -   [OK]     12th Marksheet                  D:\ai_doc_automation\Test Data\12th Certificate for Testing\Document11_237_page_0.png
2026-09-05 13:45:09,213  [INFO    ]  main -   [OK]     12th Marksheet                  D:\ai_doc_automation\Test Data\12th Certificate for Testing\Document11_238_page_0.png
2026-09-05 13:45:09,213  [INFO    ]  main -   [OK]     12th Marksheet                  D:\ai_doc_automation\Test Data\12th Certificate for Testing\Document11_239_page_0.png
2026-09-05 13:45:09,213  [INFO    ]  main -   [OK]     12th Marksheet                  D:\ai_doc_automation\Test Data\12th Certificate for Testing\Document11_240_page_0.png
2026-09-05 13:45:09,213  [INFO    ]  main -   [OK]     12th Marksheet                  D:\ai_doc_automation\Test Data\12th Certificate for Testing\Document11_241_page_0.png
2026-09-05 13:45:09,213  [INFO    ]  main -   [OK]     12th Marksheet                  D:\ai_doc_automation\Test Data\12th Certificate for Testing\Document11_242_page_0.png
2026-09-05 13:45:09,213  [INFO    ]  main -   [OK]     12th Marksheet                  D:\ai_doc_automation\Test Data\12th Certificate for Testing\Document11_243_page_0.png
2026-09-05 13:45:09,213  [INFO    ]  main -   [OK]     12th Marksheet                  D:\ai_doc_automation\Test Data\12th Certificate for Testing\Document11_244_page_0.png
2026-09-05 13:45:09,213  [INFO    ]  main -   [OK]     12th Marksheet                  D:\ai_doc_automation\Test Data\12th Certificate for Testing\Document11_244_page_1.png
2026-09-05 13:45:09,213  [INFO    ]  main -   [OK]     12th Marksheet                  D:\ai_doc_automation\Test Data\12th Certificate for Testing\Document11_245_page_0.png
2026-09-05 13:45:09,213  [INFO    ]  main -   [OK]     12th Marksheet                  D:\ai_doc_automation\Test Data\12th Certificate for Testing\Document11_246_page_0.png
2026-09-05 13:45:09,213  [INFO    ]  main -   [OK]     12th Marksheet                  D:\ai_doc_automation\Test Data\12th Certificate for Testing\Document11_247_page_0.png
2026-09-05 13:45:09,213  [INFO    ]  main -   [OK]     12th Marksheet                  D:\ai_doc_automation\Test Data\12th Certificate for Testing\Document11_248_page_0.png
2026-09-05 13:45:09,213  [INFO    ]  main -   [OK]     12th Marksheet                  D:\ai_doc_automation\Test Data\12th Certificate for Testing\Document11_249_page_0.png
2026-09-05 13:45:09,213  [INFO    ]  main -   [OK]     12th Marksheet                  D:\ai_doc_automation\Test Data\12th Certificate for Testing\Document11_250_page_0.png
2026-09-05 13:45:09,213  [INFO    ]  main -   [OK]     12th Marksheet                  D:\ai_doc_automation\Test Data\12th Certificate for Testing\Document11_251_page_0.png
2026-09-05 13:45:09,213  [INFO    ]  main -   [OK]     12th Marksheet                  D:\ai_doc_automation\Test Data\12th Certificate for Testing\Document11_252_page_0.png
2026-09-05 13:45:09,213  [INFO    ]  main -   [OK]     12th Marksheet                  D:\ai_doc_automation\Test Data\12th Certificate for Testing\Document11_253_page_0.png
2026-09-05 13:45:09,213  [INFO    ]  main -   [OK]     12th Marksheet                  D:\ai_doc_automation\Test Data\12th Certificate for Testing\Document11_254_page_0.png
2026-09-05 13:45:09,213  [INFO    ]  main -   [OK]     12th Marksheet                  D:\ai_doc_automation\Test Data\12th Certificate for Testing\Document11_255_page_0.png
2026-09-05 13:45:09,213  [INFO    ]  main -   [OK]     Graduation Certificate          D:\ai_doc_automation\Test Data\Degree Certificate\Document12_118_page_0.png
2026-09-05 13:45:09,228  [INFO    ]  main -   [OK]     Graduation Certificate          D:\ai_doc_automation\Test Data\Degree Certificate\Document12_119_page_0.png
2026-09-05 13:45:09,228  [INFO    ]  main -   [OK]     Graduation Certificate          D:\ai_doc_automation\Test Data\Degree Certificate\Document12_120_page_0.png
2026-09-05 13:45:09,229  [INFO    ]  main -   [OK]     Graduation Certificate          D:\ai_doc_automation\Test Data\Degree Certificate\Document12_121_page_0.png
2026-09-05 13:45:09,229  [INFO    ]  main -   [OK]     Graduation Certificate          D:\ai_doc_automation\Test Data\Degree Certificate\Document12_122_page_0.png
2026-09-05 13:45:09,230  [INFO    ]  main -   [OK]     Graduation Certificate          D:\ai_doc_automation\Test Data\Degree Certificate\Document12_122_page_1.png
2026-09-05 13:45:09,230  [INFO    ]  main -   [OK]     Graduation Certificate          D:\ai_doc_automation\Test Data\Degree Certificate\Document12_123_page_0.png
2026-09-05 13:45:09,231  [INFO    ]  main -   [OK]     Graduation Certificate          D:\ai_doc_automation\Test Data\Degree Certificate\Document12_124_page_0.png
2026-09-05 13:45:09,231  [INFO    ]  main -   [OK]     Graduation Certificate          D:\ai_doc_automation\Test Data\Degree Certificate\Document12_125_page_0.png
2026-09-05 13:45:09,232  [INFO    ]  main -   [OK]     Graduation Certificate          D:\ai_doc_automation\Test Data\Degree Certificate\Document12_126_page_0.png
2026-09-05 13:45:09,232  [INFO    ]  main -   [OK]     Graduation Certificate          D:\ai_doc_automation\Test Data\Degree Certificate\Document12_127_page_0.png
2026-09-05 13:45:09,232  [INFO    ]  main -   [OK]     Graduation Certificate          D:\ai_doc_automation\Test Data\Degree Certificate\Document12_128_page_0.png
2026-09-05 13:45:09,233  [INFO    ]  main -   [OK]     Graduation Certificate          D:\ai_doc_automation\Test Data\Degree Certificate\Document12_129_page_0.png
2026-09-05 13:45:09,233  [INFO    ]  main -   [OK]     Graduation Certificate          D:\ai_doc_automation\Test Data\Degree Certificate\Document12_130_page_0.png
2026-09-05 13:45:09,233  [INFO    ]  main -   [OK]     Graduation Certificate          D:\ai_doc_automation\Test Data\Degree Certificate\Document12_131_page_0.png
2026-09-05 13:45:09,234  [INFO    ]  main -   [OK]     Graduation Certificate          D:\ai_doc_automation\Test Data\Degree Certificate\Document12_132_page_0.png
2026-09-05 13:45:09,234  [INFO    ]  main -   [OK]     Graduation Certificate          D:\ai_doc_automation\Test Data\Degree Certificate\Document12_133_page_0.png
2026-09-05 13:45:09,234  [INFO    ]  main -   [OK]     Graduation Certificate          D:\ai_doc_automation\Test Data\Degree Certificate\Document12_134_page_0.png
2026-09-05 13:45:09,234  [INFO    ]  main -   [OK]     Graduation Certificate          D:\ai_doc_automation\Test Data\Degree Certificate\Document12_135_page_0.png
2026-09-05 13:45:09,235  [INFO    ]  main -   [OK]     Graduation Certificate          D:\ai_doc_automation\Test Data\Degree Certificate\Document12_136_page_0.png
2026-09-05 13:45:09,235  [INFO    ]  main -   [OK]     Graduation Certificate          D:\ai_doc_automation\Test Data\Degree Certificate\Document12_137_page_0.png
2026-09-05 13:45:09,235  [INFO    ]  main -   [OK]     Graduation Certificate          D:\ai_doc_automation\Test Data\Degree Certificate\Document12_138_page_0.png
2026-09-05 13:45:09,236  [INFO    ]  main -   [OK]     Graduation Certificate          D:\ai_doc_automation\Test Data\Degree Certificate\Document12_139_page_0.png
2026-09-05 13:45:09,236  [INFO    ]  main -   [OK]     Graduation Certificate          D:\ai_doc_automation\Test Data\Degree Certificate\Document12_140_page_0.png
2026-09-05 13:45:09,237  [INFO    ]  main -   [OK]     Graduation Certificate          D:\ai_doc_automation\Test Data\Degree Certificate\Document12_140_page_1.png
2026-09-05 13:45:09,238  [INFO    ]  main -   [OK]     Graduation Certificate          D:\ai_doc_automation\Test Data\Degree Certificate\Document12_141_page_0.png
2026-09-05 13:45:09,238  [INFO    ]  main -   [OK]     Graduation Certificate          D:\ai_doc_automation\Test Data\Degree Certificate\Document12_142_page_0.png
2026-09-05 13:45:09,238  [INFO    ]  main -   [OK]     Graduation Certificate          D:\ai_doc_automation\Test Data\Degree Certificate\Document12_143_page_0.png
2026-09-05 13:45:09,238  [INFO    ]  main -   [OK]     Graduation Certificate          D:\ai_doc_automation\Test Data\Degree Certificate\Document12_144_page_0.png
2026-09-05 13:45:09,238  [INFO    ]  main -   [OK]     Graduation Certificate          D:\ai_doc_automation\Test Data\Degree Certificate\Document12_145_page_0.png
2026-09-05 13:45:09,238  [INFO    ]  main -   [OK]     Graduation Certificate          D:\ai_doc_automation\Test Data\Degree Certificate\Document12_146_page_0.png
2026-09-05 13:45:09,238  [INFO    ]  main -   [OK]     Graduation Certificate          D:\ai_doc_automation\Test Data\Degree Certificate\Document12_147_page_0.png
2026-09-05 13:45:09,238  [INFO    ]  main -   [OK]     Graduation Certificate          D:\ai_doc_automation\Test Data\Degree Certificate\Document12_148_page_0.png
2026-09-05 13:45:09,238  [INFO    ]  main -   [OK]     Graduation Certificate          D:\ai_doc_automation\Test Data\Degree Certificate\Document12_149_page_0.png
2026-09-05 13:45:09,238  [INFO    ]  main -   [OK]     Graduation Certificate          D:\ai_doc_automation\Test Data\Degree Certificate\Document12_150_page_0.png
2026-09-05 13:45:09,238  [INFO    ]  main -   [OK]     Graduation Certificate          D:\ai_doc_automation\Test Data\Degree Certificate\Document12_151_page_0.png
2026-09-05 13:45:09,238  [INFO    ]  main -   [OK]     Graduation Certificate          D:\ai_doc_automation\Test Data\Degree Certificate\Document12_152_page_0.png
2026-09-05 13:45:09,238  [INFO    ]  main -   [OK]     Graduation Certificate          D:\ai_doc_automation\Test Data\Degree Certificate\Document12_153_page_0.png
2026-09-05 13:45:09,245  [INFO    ]  main -   [OK]     Graduation Certificate          D:\ai_doc_automation\Test Data\Degree Certificate\Document12_154_page_0.png
2026-09-05 13:45:09,245  [INFO    ]  main -   [OK]     Graduation Certificate          D:\ai_doc_automation\Test Data\Degree Certificate\Document12_155_page_0.png
2026-09-05 13:45:09,246  [INFO    ]  main -   [OK]     Graduation Certificate          D:\ai_doc_automation\Test Data\Degree Certificate\Document12_156_page_0.png
2026-09-05 13:45:09,246  [INFO    ]  main -   [OK]     Graduation Certificate          D:\ai_doc_automation\Test Data\Degree Certificate\Document12_157_page_0.png
2026-09-05 13:45:09,247  [INFO    ]  main -   [OK]     Graduation Certificate          D:\ai_doc_automation\Test Data\Degree Certificate\Document12_158_page_0.png
2026-09-05 13:45:09,247  [INFO    ]  main -   [OK]     Graduation Certificate          D:\ai_doc_automation\Test Data\Degree Certificate\Document12_159_page_0.png
2026-09-05 13:45:09,247  [INFO    ]  main -   [OK]     Graduation Certificate          D:\ai_doc_automation\Test Data\Degree Certificate\Document12_160_page_0.png
2026-09-05 13:45:09,247  [INFO    ]  main -   [OK]     Graduation Certificate          D:\ai_doc_automation\Test Data\Degree Certificate\Document12_161_page_0.png
2026-09-05 13:45:09,248  [INFO    ]  main -   [OK]     Graduation Certificate          D:\ai_doc_automation\Test Data\Degree Certificate\Document12_162_page_0.png
2026-09-05 13:45:09,248  [INFO    ]  main -   [OK]     Graduation Certificate          D:\ai_doc_automation\Test Data\Degree Certificate\Document12_163_page_0.png
2026-09-05 13:45:09,249  [INFO    ]  main -   [OK]     Graduation Certificate          D:\ai_doc_automation\Test Data\Degree Certificate\Document12_164_page_0.png
2026-09-05 13:45:09,250  [INFO    ]  main -   [OK]     Graduation Certificate          D:\ai_doc_automation\Test Data\Degree Certificate\Document12_165_page_0.png
2026-09-05 13:45:09,250  [INFO    ]  main -   [OK]     Graduation Certificate          D:\ai_doc_automation\Test Data\Degree Certificate\Document12_166_page_0.png
2026-09-05 13:45:09,250  [INFO    ]  main -   [OK]     Graduation Certificate          D:\ai_doc_automation\Test Data\Degree Certificate\Document12_167_page_0.png
2026-09-05 13:45:09,250  [INFO    ]  main -   [OK]     Graduation Certificate          D:\ai_doc_automation\Test Data\Degree Certificate\Document12_168_page_0.png
2026-09-05 13:45:09,250  [INFO    ]  main -   [OK]     Graduation Certificate          D:\ai_doc_automation\Test Data\Degree Certificate\Document12_169_page_0.png
2026-09-05 13:45:09,250  [INFO    ]  main -   [OK]     Graduation Certificate          D:\ai_doc_automation\Test Data\Degree Certificate\Document12_169_page_1.png
2026-09-05 13:45:09,250  [INFO    ]  main -   [OK]     Graduation Certificate          D:\ai_doc_automation\Test Data\Degree Certificate\Document12_170_page_0.png
2026-09-05 13:45:09,250  [INFO    ]  main -   [OK]     Graduation Certificate          D:\ai_doc_automation\Test Data\Degree Certificate\Document12_170_page_1.png
2026-09-05 13:45:09,250  [INFO    ]  main -   [OK]     Graduation Certificate          D:\ai_doc_automation\Test Data\Degree Certificate\Document12_171_page_0.png
2026-09-05 13:45:09,250  [INFO    ]  main -   [OK]     Graduation Certificate          D:\ai_doc_automation\Test Data\Degree Certificate\Document12_172_page_0.png
2026-09-05 13:45:09,250  [INFO    ]  main -   [OK]     Graduation Certificate          D:\ai_doc_automation\Test Data\Degree Certificate\Document12_173_page_0.png
2026-09-05 13:45:09,250  [INFO    ]  main -   [OK]     Graduation Certificate          D:\ai_doc_automation\Test Data\Degree Certificate\Document12_174_page_0.png
2026-09-05 13:45:09,250  [INFO    ]  main -   [OK]     Graduation Certificate          D:\ai_doc_automation\Test Data\Degree Certificate\Document12_175_page_0.png
2026-09-05 13:45:09,250  [INFO    ]  main -   [OK]     Graduation Certificate          D:\ai_doc_automation\Test Data\Degree Certificate\Document12_176_page_0.png
2026-09-05 13:45:09,250  [INFO    ]  main -   [OK]     Graduation Certificate          D:\ai_doc_automation\Test Data\Degree Certificate\Document12_177_page_0.png
2026-09-05 13:45:09,250  [INFO    ]  main -   [OK]     Graduation Certificate          D:\ai_doc_automation\Test Data\Degree Certificate\Document12_178_page_0.png
2026-09-05 13:45:09,250  [INFO    ]  main -   [OK]     Graduation Certificate          D:\ai_doc_automation\Test Data\Degree Certificate\Document12_179_page_0.png
2026-09-05 13:45:09,250  [INFO    ]  main -   [OK]     Graduation Certificate          D:\ai_doc_automation\Test Data\Degree Certificate\Document12_180_page_0.png
2026-09-05 13:45:09,250  [INFO    ]  main -   [OK]     Graduation Certificate          D:\ai_doc_automation\Test Data\Degree Certificate\Document12_181_page_0.png
2026-09-05 13:45:09,250  [INFO    ]  main -   [OK]     Graduation Certificate          D:\ai_doc_automation\Test Data\Degree Certificate\Document12_182_page_0.png
2026-09-05 13:45:09,250  [INFO    ]  main -   [OK]     Graduation Certificate          D:\ai_doc_automation\Test Data\Degree Certificate\Document12_183_page_0.png
2026-09-05 13:45:09,261  [INFO    ]  main -   [OK]     Income Certificate              D:\ai_doc_automation\Test Data\Income Certificate for Testing\IncomeCertificate_466_page_0.png
2026-09-05 13:45:09,261  [INFO    ]  main -   [OK]     Income Certificate              D:\ai_doc_automation\Test Data\Income Certificate for Testing\IncomeCertificate_467_page_0.png
2026-09-05 13:45:09,262  [INFO    ]  main -   [OK]     Income Certificate              D:\ai_doc_automation\Test Data\Income Certificate for Testing\IncomeCertificate_468_page_0.png
2026-09-05 13:45:09,263  [INFO    ]  main -   [OK]     Income Certificate              D:\ai_doc_automation\Test Data\Income Certificate for Testing\IncomeCertificate_469_page_0.png
2026-09-05 13:45:09,264  [INFO    ]  main -   [OK]     Income Certificate              D:\ai_doc_automation\Test Data\Income Certificate for Testing\IncomeCertificate_470_page_0.png
2026-09-05 13:45:09,264  [INFO    ]  main -   [OK]     Income Certificate              D:\ai_doc_automation\Test Data\Income Certificate for Testing\IncomeCertificate_471_page_0.png
2026-09-05 13:45:09,264  [INFO    ]  main -   [OK]     Income Certificate              D:\ai_doc_automation\Test Data\Income Certificate for Testing\IncomeCertificate_472_page_0.png
2026-09-05 13:45:09,266  [INFO    ]  main -   [OK]     Income Certificate              D:\ai_doc_automation\Test Data\Income Certificate for Testing\IncomeCertificate_473_page_0.png
2026-09-05 13:45:09,266  [INFO    ]  main -   [OK]     Income Certificate              D:\ai_doc_automation\Test Data\Income Certificate for Testing\IncomeCertificate_474_page_0.png
2026-09-05 13:45:09,266  [INFO    ]  main -   [OK]     Income Certificate              D:\ai_doc_automation\Test Data\Income Certificate for Testing\IncomeCertificate_475_page_0.png
2026-09-05 13:45:09,266  [INFO    ]  main -   [OK]     Income Certificate              D:\ai_doc_automation\Test Data\Income Certificate for Testing\IncomeCertificate_476_page_0.png
2026-09-05 13:45:09,266  [INFO    ]  main -   [OK]     Income Certificate              D:\ai_doc_automation\Test Data\Income Certificate for Testing\IncomeCertificate_477_page_0.png
2026-09-05 13:45:09,266  [INFO    ]  main -   [OK]     Income Certificate              D:\ai_doc_automation\Test Data\Income Certificate for Testing\IncomeCertificate_478_page_0.png
2026-09-05 13:45:09,268  [INFO    ]  main -   [OK]     Income Certificate              D:\ai_doc_automation\Test Data\Income Certificate for Testing\IncomeCertificate_479_page_0.png
2026-09-05 13:45:09,268  [INFO    ]  main -   [OK]     Income Certificate              D:\ai_doc_automation\Test Data\Income Certificate for Testing\IncomeCertificate_480_page_0.png
2026-09-05 13:45:09,268  [INFO    ]  main -   [OK]     Income Certificate              D:\ai_doc_automation\Test Data\Income Certificate for Testing\IncomeCertificate_481_page_0.png
2026-09-05 13:45:09,268  [INFO    ]  main -   [OK]     Income Certificate              D:\ai_doc_automation\Test Data\Income Certificate for Testing\IncomeCertificate_482_page_0.png
2026-09-05 13:45:09,268  [INFO    ]  main -   [OK]     Income Certificate              D:\ai_doc_automation\Test Data\Income Certificate for Testing\IncomeCertificate_483_page_0.png
2026-09-05 13:45:09,270  [INFO    ]  main -   [OK]     Income Certificate              D:\ai_doc_automation\Test Data\Income Certificate for Testing\IncomeCertificate_484_page_0.png
2026-09-05 13:45:09,270  [INFO    ]  main -   [OK]     Income Certificate              D:\ai_doc_automation\Test Data\Income Certificate for Testing\IncomeCertificate_485_page_0.png
2026-09-05 13:45:09,270  [INFO    ]  main -   [OK]     Income Certificate              D:\ai_doc_automation\Test Data\Income Certificate for Testing\IncomeCertificate_486_page_0.png
2026-09-05 13:45:09,270  [INFO    ]  main -   [OK]     Income Certificate              D:\ai_doc_automation\Test Data\Income Certificate for Testing\IncomeCertificate_487_page_0.png
2026-09-05 13:45:09,272  [INFO    ]  main -   [OK]     Income Certificate              D:\ai_doc_automation\Test Data\Income Certificate for Testing\IncomeCertificate_488_page_0.png
2026-09-05 13:45:09,272  [INFO    ]  main -   [OK]     Income Certificate              D:\ai_doc_automation\Test Data\Income Certificate for Testing\IncomeCertificate_489_page_0.png
2026-09-05 13:45:09,272  [INFO    ]  main -   [OK]     Income Certificate              D:\ai_doc_automation\Test Data\Income Certificate for Testing\IncomeCertificate_490_page_0.png
2026-09-05 13:45:09,272  [INFO    ]  main -   [OK]     Income Certificate              D:\ai_doc_automation\Test Data\Income Certificate for Testing\IncomeCertificate_491_page_0.png
2026-09-05 13:45:09,272  [INFO    ]  main -   [OK]     Income Certificate              D:\ai_doc_automation\Test Data\Income Certificate for Testing\IncomeCertificate_492_page_0.png
2026-09-05 13:45:09,272  [INFO    ]  main -   [OK]     Income Certificate              D:\ai_doc_automation\Test Data\Income Certificate for Testing\IncomeCertificate_493_page_0.png
2026-09-05 13:45:09,274  [INFO    ]  main -   [OK]     Income Certificate              D:\ai_doc_automation\Test Data\Income Certificate for Testing\IncomeCertificate_494_page_0.png
2026-09-05 13:45:09,274  [INFO    ]  main -   [OK]     Income Certificate              D:\ai_doc_automation\Test Data\Income Certificate for Testing\IncomeCertificate_495_page_0.png
2026-09-05 13:45:09,274  [INFO    ]  main -   [OK]     Income Certificate              D:\ai_doc_automation\Test Data\Income Certificate for Testing\IncomeCertificate_496_page_0.png
2026-09-05 13:45:09,274  [INFO    ]  main -   [OK]     Income Certificate              D:\ai_doc_automation\Test Data\Income Certificate for Testing\IncomeCertificate_497_page_0.png
2026-09-05 13:45:09,276  [INFO    ]  main -   [OK]     Income Certificate              D:\ai_doc_automation\Test Data\Income Certificate for Testing\IncomeCertificate_498_page_0.png
2026-09-05 13:45:09,276  [INFO    ]  main -   [OK]     Income Certificate              D:\ai_doc_automation\Test Data\Income Certificate for Testing\IncomeCertificate_499_page_0.png
2026-09-05 13:45:09,276  [INFO    ]  main -   [OK]     Income Certificate              D:\ai_doc_automation\Test Data\Income Certificate for Testing\IncomeCertificate_500_page_0.png
2026-09-05 13:45:09,276  [INFO    ]  main -   [OK]     Income Certificate              D:\ai_doc_automation\Test Data\Income Certificate for Testing\IncomeCertificate_501_page_0.png
2026-09-05 13:45:09,278  [INFO    ]  main -   [OK]     Income Certificate              D:\ai_doc_automation\Test Data\Income Certificate for Testing\IncomeCertificate_502_page_0.png
2026-09-05 13:45:09,278  [INFO    ]  main -   [OK]     Income Certificate              D:\ai_doc_automation\Test Data\Income Certificate for Testing\IncomeCertificate_503_page_0.png
2026-09-05 13:45:09,278  [INFO    ]  main -   [OK]     Income Certificate              D:\ai_doc_automation\Test Data\Income Certificate for Testing\IncomeCertificate_504_page_0.png
2026-09-05 13:45:09,279  [INFO    ]  main -   [OK]     Income Certificate              D:\ai_doc_automation\Test Data\Income Certificate for Testing\IncomeCertificate_505_page_0.png
2026-09-05 13:45:09,280  [INFO    ]  main -   [OK]     Income Certificate              D:\ai_doc_automation\Test Data\Income Certificate for Testing\IncomeCertificate_506_page_0.png
2026-09-05 13:45:09,280  [INFO    ]  main -   [OK]     Income Certificate              D:\ai_doc_automation\Test Data\Income Certificate for Testing\IncomeCertificate_507_page_0.png
2026-09-05 13:45:09,280  [INFO    ]  main -   [OK]     Income Certificate              D:\ai_doc_automation\Test Data\Income Certificate for Testing\IncomeCertificate_508_page_0.png
2026-09-05 13:45:09,280  [INFO    ]  main -   [OK]     Income Certificate              D:\ai_doc_automation\Test Data\Income Certificate for Testing\IncomeCertificate_509_page_0.png
2026-09-05 13:45:09,280  [INFO    ]  main -   [OK]     Income Certificate              D:\ai_doc_automation\Test Data\Income Certificate for Testing\IncomeCertificate_510_page_0.png
2026-09-05 13:45:09,283  [INFO    ]  main -   [OK]     Income Certificate              D:\ai_doc_automation\Test Data\Income Certificate for Testing\IncomeCertificate_511_page_0.png
2026-09-05 13:45:09,283  [INFO    ]  main -   [OK]     Income Certificate              D:\ai_doc_automation\Test Data\Income Certificate for Testing\IncomeCertificate_512_page_0.png
2026-09-05 13:45:09,284  [INFO    ]  main -   [OK]     Income Certificate              D:\ai_doc_automation\Test Data\Income Certificate for Testing\IncomeCertificate_513_page_0.png
2026-09-05 13:45:09,284  [INFO    ]  main -   [OK]     Income Certificate              D:\ai_doc_automation\Test Data\Income Certificate for Testing\IncomeCertificate_514_page_0.png
2026-09-05 13:45:09,284  [INFO    ]  main -   [OK]     Income Certificate              D:\ai_doc_automation\Test Data\Income Certificate for Testing\IncomeCertificate_515_page_0.png
2026-09-05 13:45:09,284  [INFO    ]  main -   [OK]     Income Certificate              D:\ai_doc_automation\Test Data\Income Certificate for Testing\IncomeCertificate_516_page_0.png
2026-09-05 13:45:09,284  [INFO    ]  main -   [OK]     Income Certificate              D:\ai_doc_automation\Test Data\Income Certificate for Testing\IncomeCertificate_517_page_0.png
2026-09-05 13:45:09,286  [INFO    ]  main -   [OK]     Income Certificate              D:\ai_doc_automation\Test Data\Income Certificate for Testing\IncomeCertificate_518_page_0.png
2026-09-05 13:45:09,286  [INFO    ]  main -   [OK]     Income Certificate              D:\ai_doc_automation\Test Data\Income Certificate for Testing\IncomeCertificate_519_page_0.png
2026-09-05 13:45:09,286  [INFO    ]  main -   [OK]     Income Certificate              D:\ai_doc_automation\Test Data\Income Certificate for Testing\IncomeCertificate_520_page_0.png
2026-09-05 13:45:09,287  [INFO    ]  main -   [OK]     Income Certificate              D:\ai_doc_automation\Test Data\Income Certificate for Testing\IncomeCertificate_521_page_0.png
2026-09-05 13:45:09,287  [INFO    ]  main -   [OK]     Income Certificate              D:\ai_doc_automation\Test Data\Income Certificate for Testing\IncomeCertificate_522_page_0.png
2026-09-05 13:45:09,287  [INFO    ]  main -   [OK]     Income Certificate              D:\ai_doc_automation\Test Data\Income Certificate for Testing\IncomeCertificate_523_page_0.png
2026-09-05 13:45:09,287  [INFO    ]  main -   [OK]     Income Certificate              D:\ai_doc_automation\Test Data\Income Certificate for Testing\IncomeCertificate_524_page_0.png
2026-09-05 13:45:09,288  [INFO    ]  main -   [OK]     Income Certificate              D:\ai_doc_automation\Test Data\Income Certificate for Testing\IncomeCertificate_525_page_0.png
2026-09-05 13:45:09,288  [INFO    ]  main -   [OK]     Income Certificate              D:\ai_doc_automation\Test Data\Income Certificate for Testing\IncomeCertificate_526_page_0.png
2026-09-05 13:45:09,288  [INFO    ]  main -   [OK]     Income Certificate              D:\ai_doc_automation\Test Data\Income Certificate for Testing\IncomeCertificate_527_page_0.png
2026-09-05 13:45:09,288  [INFO    ]  main -   [OK]     Income Certificate              D:\ai_doc_automation\Test Data\Income Certificate for Testing\IncomeCertificate_528_page_0.png
2026-09-05 13:45:09,288  [INFO    ]  main -   [OK]     Income Certificate              D:\ai_doc_automation\Test Data\Income Certificate for Testing\IncomeCertificate_529_page_0.png
2026-09-05 13:45:09,288  [INFO    ]  main -   [OK]     Income Certificate              D:\ai_doc_automation\Test Data\Income Certificate for Testing\IncomeCertificate_530_page_0.png
2026-09-05 13:45:09,288  [INFO    ]  main -   [OK]     Income Certificate              D:\ai_doc_automation\Test Data\Income Certificate for Testing\IncomeCertificate_531_page_0.png
2026-09-05 13:45:09,288  [INFO    ]  main -   [OK]     Income Certificate              D:\ai_doc_automation\Test Data\Income Certificate for Testing\IncomeCertificate_532_page_0.png
2026-09-05 13:45:09,288  [INFO    ]  main -   [OK]     Income Certificate              D:\ai_doc_automation\Test Data\Income Certificate for Testing\IncomeCertificate_533_page_0.png
2026-09-05 13:45:09,288  [INFO    ]  main -   [OK]     Income Certificate              D:\ai_doc_automation\Test Data\Income Certificate for Testing\IncomeCertificate_534_page_0.png
2026-09-05 13:45:09,288  [INFO    ]  main -   [OK]     Income Certificate              D:\ai_doc_automation\Test Data\Income Certificate for Testing\IncomeCertificate_535_page_0.png
2026-09-05 13:45:09,292  [INFO    ]  main -   [OK]     Caste Certificate               D:\ai_doc_automation\Test Data\Cast Certificate for Testing\CastCertificate_130_page_0.png
2026-09-05 13:45:09,292  [INFO    ]  main -   [OK]     Caste Certificate               D:\ai_doc_automation\Test Data\Cast Certificate for Testing\CastCertificate_131_page_0.png
2026-09-05 13:45:09,293  [INFO    ]  main -   [OK]     Caste Certificate               D:\ai_doc_automation\Test Data\Cast Certificate for Testing\CastCertificate_132_page_0.png
2026-09-05 13:45:09,293  [INFO    ]  main -   [OK]     Caste Certificate               D:\ai_doc_automation\Test Data\Cast Certificate for Testing\CastCertificate_133_page_0.png
2026-09-05 13:45:09,293  [INFO    ]  main -   [OK]     Caste Certificate               D:\ai_doc_automation\Test Data\Cast Certificate for Testing\CastCertificate_134_page_0.png
2026-09-05 13:45:09,293  [INFO    ]  main -   [OK]     Caste Certificate               D:\ai_doc_automation\Test Data\Cast Certificate for Testing\CastCertificate_135_page_0.png
2026-09-05 13:45:09,294  [INFO    ]  main -   [OK]     Caste Certificate               D:\ai_doc_automation\Test Data\Cast Certificate for Testing\CastCertificate_136_page_0.png
2026-09-05 13:45:09,295  [INFO    ]  main -   [OK]     Caste Certificate               D:\ai_doc_automation\Test Data\Cast Certificate for Testing\CastCertificate_137_page_0.png
2026-09-05 13:45:09,295  [INFO    ]  main -   [OK]     Caste Certificate               D:\ai_doc_automation\Test Data\Cast Certificate for Testing\CastCertificate_138_page_0.png
2026-09-05 13:45:09,295  [INFO    ]  main -   [OK]     Caste Certificate               D:\ai_doc_automation\Test Data\Cast Certificate for Testing\CastCertificate_139_page_0.png
2026-09-05 13:45:09,296  [INFO    ]  main -   [OK]     Caste Certificate               D:\ai_doc_automation\Test Data\Cast Certificate for Testing\CastCertificate_140_page_0.png
2026-09-05 13:45:09,296  [INFO    ]  main -   [OK]     Caste Certificate               D:\ai_doc_automation\Test Data\Cast Certificate for Testing\CastCertificate_141_page_0.png
2026-09-05 13:45:09,296  [INFO    ]  main -   [OK]     Caste Certificate               D:\ai_doc_automation\Test Data\Cast Certificate for Testing\CastCertificate_142_page_0.png
2026-09-05 13:45:09,296  [INFO    ]  main -   [OK]     Caste Certificate               D:\ai_doc_automation\Test Data\Cast Certificate for Testing\CastCertificate_143_page_0.png
2026-09-05 13:45:09,296  [INFO    ]  main -   [OK]     Caste Certificate               D:\ai_doc_automation\Test Data\Cast Certificate for Testing\CastCertificate_144_page_0.png
2026-09-05 13:45:09,296  [INFO    ]  main -   [OK]     Caste Certificate               D:\ai_doc_automation\Test Data\Cast Certificate for Testing\CastCertificate_145_page_0.png
2026-09-05 13:45:09,296  [INFO    ]  main -   [OK]     Caste Certificate               D:\ai_doc_automation\Test Data\Cast Certificate for Testing\CastCertificate_146_page_0.png
2026-09-05 13:45:09,296  [INFO    ]  main -   [OK]     Caste Certificate               D:\ai_doc_automation\Test Data\Cast Certificate for Testing\CastCertificate_147_page_0.png
2026-09-05 13:45:09,296  [INFO    ]  main -   [OK]     Caste Certificate               D:\ai_doc_automation\Test Data\Cast Certificate for Testing\CastCertificate_148_page_0.png
2026-09-05 13:45:09,296  [INFO    ]  main -   [OK]     Caste Certificate               D:\ai_doc_automation\Test Data\Cast Certificate for Testing\CastCertificate_149_page_0.png
2026-09-05 13:45:09,296  [INFO    ]  main -   [OK]     Caste Certificate               D:\ai_doc_automation\Test Data\Cast Certificate for Testing\CastCertificate_150_page_0.png
2026-09-05 13:45:09,296  [INFO    ]  main -   [OK]     Caste Certificate               D:\ai_doc_automation\Test Data\Cast Certificate for Testing\CastCertificate_151_page_0.png
2026-09-05 13:45:09,301  [INFO    ]  main -   [OK]     Caste Certificate               D:\ai_doc_automation\Test Data\Cast Certificate for Testing\CastCertificate_152_page_0.png
2026-09-05 13:45:09,302  [INFO    ]  main -   [OK]     Caste Certificate               D:\ai_doc_automation\Test Data\Cast Certificate for Testing\CastCertificate_153_page_0.png
2026-09-05 13:45:09,302  [INFO    ]  main -   [OK]     Caste Certificate               D:\ai_doc_automation\Test Data\Cast Certificate for Testing\CastCertificate_154_page_0.png
2026-09-05 13:45:09,302  [INFO    ]  main -   [OK]     Caste Certificate               D:\ai_doc_automation\Test Data\Cast Certificate for Testing\CastCertificate_155_page_0.png
2026-09-05 13:45:09,303  [INFO    ]  main -   [OK]     Caste Certificate               D:\ai_doc_automation\Test Data\Cast Certificate for Testing\CastCertificate_156_page_0.png
2026-09-05 13:45:09,303  [INFO    ]  main -   [OK]     Caste Certificate               D:\ai_doc_automation\Test Data\Cast Certificate for Testing\CastCertificate_157_page_0.png
2026-09-05 13:45:09,303  [INFO    ]  main -   [OK]     Caste Certificate               D:\ai_doc_automation\Test Data\Cast Certificate for Testing\CastCertificate_158_page_0.png
2026-09-05 13:45:09,304  [INFO    ]  main -   [OK]     Caste Certificate               D:\ai_doc_automation\Test Data\Cast Certificate for Testing\CastCertificate_159_page_0.png
2026-09-05 13:45:09,304  [INFO    ]  main -   [OK]     Caste Certificate               D:\ai_doc_automation\Test Data\Cast Certificate for Testing\CastCertificate_160_page_0.png
2026-09-05 13:45:09,304  [INFO    ]  main -   [OK]     Caste Certificate               D:\ai_doc_automation\Test Data\Cast Certificate for Testing\CastCertificate_161_page_0.png
2026-09-05 13:45:09,304  [INFO    ]  main -   [OK]     Caste Certificate               D:\ai_doc_automation\Test Data\Cast Certificate for Testing\CastCertificate_162_page_0.png
2026-09-05 13:45:09,304  [INFO    ]  main -   [OK]     Caste Certificate               D:\ai_doc_automation\Test Data\Cast Certificate for Testing\CastCertificate_163_page_0.png
2026-09-05 13:45:09,304  [INFO    ]  main -   [OK]     Caste Certificate               D:\ai_doc_automation\Test Data\Cast Certificate for Testing\CastCertificate_164_page_0.png
2026-09-05 13:45:09,304  [INFO    ]  main -   [OK]     Caste Certificate               D:\ai_doc_automation\Test Data\Cast Certificate for Testing\CastCertificate_165_page_0.png
2026-09-05 13:45:09,304  [INFO    ]  main -   [OK]     Caste Certificate               D:\ai_doc_automation\Test Data\Cast Certificate for Testing\CastCertificate_166_page_0.png
2026-09-05 13:45:09,304  [INFO    ]  main -   [OK]     Caste Certificate               D:\ai_doc_automation\Test Data\Cast Certificate for Testing\CastCertificate_167_page_0.png
2026-09-05 13:45:09,306  [INFO    ]  main -   [OK]     Caste Certificate               D:\ai_doc_automation\Test Data\Cast Certificate for Testing\CastCertificate_168_page_0.png
2026-09-05 13:45:09,308  [INFO    ]  main -   [OK]     Caste Certificate               D:\ai_doc_automation\Test Data\Cast Certificate for Testing\CastCertificate_169_page_0.png
2026-09-05 13:45:09,308  [INFO    ]  main -   [OK]     Caste Certificate               D:\ai_doc_automation\Test Data\Cast Certificate for Testing\CastCertificate_170_page_0.png
2026-09-05 13:45:09,308  [INFO    ]  main -   [OK]     Caste Certificate               D:\ai_doc_automation\Test Data\Cast Certificate for Testing\CastCertificate_171_page_0.png
2026-09-05 13:45:09,308  [INFO    ]  main -   [OK]     Caste Certificate               D:\ai_doc_automation\Test Data\Cast Certificate for Testing\CastCertificate_172_page_0.png
2026-09-05 13:45:09,308  [INFO    ]  main -   [OK]     Caste Certificate               D:\ai_doc_automation\Test Data\Cast Certificate for Testing\CastCertificate_173_page_0.png
2026-09-05 13:45:09,308  [INFO    ]  main -   [OK]     Caste Certificate               D:\ai_doc_automation\Test Data\Cast Certificate for Testing\CastCertificate_174_page_0.png
2026-09-05 13:45:09,311  [INFO    ]  main -   [OK]     Caste Certificate               D:\ai_doc_automation\Test Data\Cast Certificate for Testing\CastCertificate_175_page_0.png
2026-09-05 13:45:09,311  [INFO    ]  main -   [OK]     Caste Certificate               D:\ai_doc_automation\Test Data\Cast Certificate for Testing\CastCertificate_176_page_0.png
2026-09-05 13:45:09,311  [INFO    ]  main -   [OK]     Caste Certificate               D:\ai_doc_automation\Test Data\Cast Certificate for Testing\CastCertificate_177_page_0.png
2026-09-05 13:45:09,311  [INFO    ]  main -   [OK]     Caste Certificate               D:\ai_doc_automation\Test Data\Cast Certificate for Testing\CastCertificate_178_page_0.png
2026-09-05 13:45:09,312  [INFO    ]  main -   [OK]     Caste Certificate               D:\ai_doc_automation\Test Data\Cast Certificate for Testing\CastCertificate_179_page_0.png
2026-09-05 13:45:09,313  [INFO    ]  main -   [OK]     Caste Certificate               D:\ai_doc_automation\Test Data\Cast Certificate for Testing\CastCertificate_180_page_0.png
2026-09-05 13:45:09,313  [INFO    ]  main -   [OK]     Caste Certificate               D:\ai_doc_automation\Test Data\Cast Certificate for Testing\CastCertificate_181_page_0.png
2026-09-05 13:45:09,313  [INFO    ]  main -   [OK]     Caste Certificate               D:\ai_doc_automation\Test Data\Cast Certificate for Testing\CastCertificate_182_page_0.png
2026-09-05 13:45:09,313  [INFO    ]  main -   [OK]     Caste Certificate               D:\ai_doc_automation\Test Data\Cast Certificate for Testing\CastCertificate_183_page_0.png
2026-09-05 13:45:09,313  [INFO    ]  main -   [OK]     Caste Certificate               D:\ai_doc_automation\Test Data\Cast Certificate for Testing\CastCertificate_184_page_0.png
2026-09-05 13:45:09,313  [INFO    ]  main -   [OK]     Caste Certificate               D:\ai_doc_automation\Test Data\Cast Certificate for Testing\CastCertificate_185_page_0.png
2026-09-05 13:45:09,313  [INFO    ]  main -   [OK]     Caste Certificate               D:\ai_doc_automation\Test Data\Cast Certificate for Testing\CastCertificate_186_page_0.png
2026-09-05 13:45:09,313  [INFO    ]  main -   [OK]     Caste Certificate               D:\ai_doc_automation\Test Data\Cast Certificate for Testing\CastCertificate_187_page_0.png
2026-09-05 13:45:09,313  [INFO    ]  main -   [OK]     Caste Certificate               D:\ai_doc_automation\Test Data\Cast Certificate for Testing\CastCertificate_188_page_0.png
2026-09-05 13:45:09,313  [INFO    ]  main -   [OK]     Caste Certificate               D:\ai_doc_automation\Test Data\Cast Certificate for Testing\CastCertificate_189_page_0.png
2026-09-05 13:45:09,313  [INFO    ]  main -   [OK]     Caste Certificate               D:\ai_doc_automation\Test Data\Cast Certificate for Testing\CastCertificate_190_page_0.png
2026-09-05 13:45:09,313  [INFO    ]  main -   [OK]     Caste Certificate               D:\ai_doc_automation\Test Data\Cast Certificate for Testing\CastCertificate_191_page_0.png
2026-09-05 13:45:09,313  [INFO    ]  main -   [OK]     Caste Certificate               D:\ai_doc_automation\Test Data\Cast Certificate for Testing\CastCertificate_192_page_0.png
2026-09-05 13:45:09,313  [INFO    ]  main -   [OK]     Caste Certificate               D:\ai_doc_automation\Test Data\Cast Certificate for Testing\CastCertificate_193_page_0.png
2026-09-05 13:45:09,313  [INFO    ]  main -   [OK]     Caste Certificate               D:\ai_doc_automation\Test Data\Cast Certificate for Testing\CastCertificate_194_page_0.png
2026-09-05 13:45:09,313  [INFO    ]  main -   [OK]     Caste Certificate               D:\ai_doc_automation\Test Data\Cast Certificate for Testing\CastCertificate_195_page_0.png
2026-09-05 13:45:09,313  [INFO    ]  main -   [OK]     Caste Certificate               D:\ai_doc_automation\Test Data\Cast Certificate for Testing\CastCertificate_196_page_0.png
2026-09-05 13:45:09,321  [INFO    ]  main -   [OK]     Caste Certificate               D:\ai_doc_automation\Test Data\Cast Certificate for Testing\CastCertificate_197_page_0.png
2026-09-05 13:45:09,321  [INFO    ]  main -   [OK]     Caste Certificate               D:\ai_doc_automation\Test Data\Cast Certificate for Testing\CastCertificate_198_page_0.png
2026-09-05 13:45:09,321  [INFO    ]  main -   [OK]     Caste Certificate               D:\ai_doc_automation\Test Data\Cast Certificate for Testing\CastCertificate_199_page_0.png
2026-09-05 13:45:09,321  [INFO    ]  main -   [OK]     Residence Certificate           D:\ai_doc_automation\Test Data\Residence Certificate for Testing\ResidenceCertificate_130_page_0.png
2026-09-05 13:45:09,321  [INFO    ]  main -   [OK]     Residence Certificate           D:\ai_doc_automation\Test Data\Residence Certificate for Testing\ResidenceCertificate_131_page_0.png
2026-09-05 13:45:09,323  [INFO    ]  main -   [OK]     Residence Certificate           D:\ai_doc_automation\Test Data\Residence Certificate for Testing\ResidenceCertificate_132_page_0.png
2026-09-05 13:45:09,323  [INFO    ]  main -   [OK]     Residence Certificate           D:\ai_doc_automation\Test Data\Residence Certificate for Testing\ResidenceCertificate_133_page_0.png
2026-09-05 13:45:09,323  [INFO    ]  main -   [OK]     Residence Certificate           D:\ai_doc_automation\Test Data\Residence Certificate for Testing\ResidenceCertificate_134_page_0.png
2026-09-05 13:45:09,323  [INFO    ]  main -   [OK]     Residence Certificate           D:\ai_doc_automation\Test Data\Residence Certificate for Testing\ResidenceCertificate_135_page_0.png
2026-09-05 13:45:09,323  [INFO    ]  main -   [OK]     Residence Certificate           D:\ai_doc_automation\Test Data\Residence Certificate for Testing\ResidenceCertificate_136_page_0.png
2026-09-05 13:45:09,324  [INFO    ]  main -   [OK]     Residence Certificate           D:\ai_doc_automation\Test Data\Residence Certificate for Testing\ResidenceCertificate_137_page_0.png
2026-09-05 13:45:09,324  [INFO    ]  main -   [OK]     Residence Certificate           D:\ai_doc_automation\Test Data\Residence Certificate for Testing\ResidenceCertificate_138_page_0.png
2026-09-05 13:45:09,324  [INFO    ]  main -   [OK]     Residence Certificate           D:\ai_doc_automation\Test Data\Residence Certificate for Testing\ResidenceCertificate_139_page_0.png
2026-09-05 13:45:09,324  [INFO    ]  main -   [OK]     Residence Certificate           D:\ai_doc_automation\Test Data\Residence Certificate for Testing\ResidenceCertificate_140_page_0.png
2026-09-05 13:45:09,325  [INFO    ]  main -   [OK]     Residence Certificate           D:\ai_doc_automation\Test Data\Residence Certificate for Testing\ResidenceCertificate_141_page_0.png
2026-09-05 13:45:09,325  [INFO    ]  main -   [OK]     Residence Certificate           D:\ai_doc_automation\Test Data\Residence Certificate for Testing\ResidenceCertificate_142_page_0.png
2026-09-05 13:45:09,326  [INFO    ]  main -   [OK]     Residence Certificate           D:\ai_doc_automation\Test Data\Residence Certificate for Testing\ResidenceCertificate_143_page_0.png
2026-09-05 13:45:09,326  [INFO    ]  main -   [OK]     Residence Certificate           D:\ai_doc_automation\Test Data\Residence Certificate for Testing\ResidenceCertificate_144_page_0.png
2026-09-05 13:45:09,326  [INFO    ]  main -   [OK]     Residence Certificate           D:\ai_doc_automation\Test Data\Residence Certificate for Testing\ResidenceCertificate_145_page_0.png
2026-09-05 13:45:09,326  [INFO    ]  main -   [OK]     Residence Certificate           D:\ai_doc_automation\Test Data\Residence Certificate for Testing\ResidenceCertificate_146_page_0.png
2026-09-05 13:45:09,326  [INFO    ]  main -   [OK]     Residence Certificate           D:\ai_doc_automation\Test Data\Residence Certificate for Testing\ResidenceCertificate_147_page_0.png
2026-09-05 13:45:09,328  [INFO    ]  main -   [OK]     Residence Certificate           D:\ai_doc_automation\Test Data\Residence Certificate for Testing\ResidenceCertificate_148_page_0.png
2026-09-05 13:45:09,328  [INFO    ]  main -   [OK]     Residence Certificate           D:\ai_doc_automation\Test Data\Residence Certificate for Testing\ResidenceCertificate_149_page_0.png
2026-09-05 13:45:09,328  [INFO    ]  main -   [OK]     Residence Certificate           D:\ai_doc_automation\Test Data\Residence Certificate for Testing\ResidenceCertificate_150_page_0.png
2026-09-05 13:45:09,329  [INFO    ]  main -   [OK]     Residence Certificate           D:\ai_doc_automation\Test Data\Residence Certificate for Testing\ResidenceCertificate_151_page_0.png
2026-09-05 13:45:09,329  [INFO    ]  main -   [OK]     Residence Certificate           D:\ai_doc_automation\Test Data\Residence Certificate for Testing\ResidenceCertificate_152_page_0.png
2026-09-05 13:45:09,330  [INFO    ]  main -   [OK]     Residence Certificate           D:\ai_doc_automation\Test Data\Residence Certificate for Testing\ResidenceCertificate_153_page_0.png
2026-09-05 13:45:09,330  [INFO    ]  main -   [OK]     Residence Certificate           D:\ai_doc_automation\Test Data\Residence Certificate for Testing\ResidenceCertificate_154_page_0.png
2026-09-05 13:45:09,330  [INFO    ]  main -   [OK]     Residence Certificate           D:\ai_doc_automation\Test Data\Residence Certificate for Testing\ResidenceCertificate_155_page_0.png
2026-09-05 13:45:09,330  [INFO    ]  main -   [OK]     Residence Certificate           D:\ai_doc_automation\Test Data\Residence Certificate for Testing\ResidenceCertificate_156_page_0.png
2026-09-05 13:45:09,330  [INFO    ]  main -   [OK]     Residence Certificate           D:\ai_doc_automation\Test Data\Residence Certificate for Testing\ResidenceCertificate_157_page_0.png
2026-09-05 13:45:09,330  [INFO    ]  main -   [OK]     Residence Certificate           D:\ai_doc_automation\Test Data\Residence Certificate for Testing\ResidenceCertificate_158_page_0.png
2026-09-05 13:45:09,333  [INFO    ]  main -   [OK]     Residence Certificate           D:\ai_doc_automation\Test Data\Residence Certificate for Testing\ResidenceCertificate_159_page_0.png
2026-09-05 13:45:09,333  [INFO    ]  main -   [OK]     Residence Certificate           D:\ai_doc_automation\Test Data\Residence Certificate for Testing\ResidenceCertificate_160_page_0.png
2026-09-05 13:45:09,333  [INFO    ]  main -   [OK]     Residence Certificate           D:\ai_doc_automation\Test Data\Residence Certificate for Testing\ResidenceCertificate_161_page_0.png
2026-09-05 13:45:09,333  [INFO    ]  main -   [OK]     Residence Certificate           D:\ai_doc_automation\Test Data\Residence Certificate for Testing\ResidenceCertificate_162_page_0.png
2026-09-05 13:45:09,333  [INFO    ]  main -   [OK]     Residence Certificate           D:\ai_doc_automation\Test Data\Residence Certificate for Testing\ResidenceCertificate_163_page_0.png
2026-09-05 13:45:09,335  [INFO    ]  main -   [OK]     Residence Certificate           D:\ai_doc_automation\Test Data\Residence Certificate for Testing\ResidenceCertificate_164_page_0.png
2026-09-05 13:45:09,335  [INFO    ]  main -   [OK]     Residence Certificate           D:\ai_doc_automation\Test Data\Residence Certificate for Testing\ResidenceCertificate_165_page_0.png
2026-09-05 13:45:09,335  [INFO    ]  main -   [OK]     Residence Certificate           D:\ai_doc_automation\Test Data\Residence Certificate for Testing\ResidenceCertificate_166_page_0.png
2026-09-05 13:45:09,335  [INFO    ]  main -   [OK]     Residence Certificate           D:\ai_doc_automation\Test Data\Residence Certificate for Testing\ResidenceCertificate_167_page_0.png
2026-09-05 13:45:09,336  [INFO    ]  main -   [OK]     Residence Certificate           D:\ai_doc_automation\Test Data\Residence Certificate for Testing\ResidenceCertificate_168_page_0.png
2026-09-05 13:45:09,336  [INFO    ]  main -   [OK]     Residence Certificate           D:\ai_doc_automation\Test Data\Residence Certificate for Testing\ResidenceCertificate_169_page_0.png
2026-09-05 13:45:09,336  [INFO    ]  main -   [OK]     Residence Certificate           D:\ai_doc_automation\Test Data\Residence Certificate for Testing\ResidenceCertificate_170_page_0.png
2026-09-05 13:45:09,336  [INFO    ]  main -   [OK]     Residence Certificate           D:\ai_doc_automation\Test Data\Residence Certificate for Testing\ResidenceCertificate_171_page_0.png
2026-09-05 13:45:09,337  [INFO    ]  main -   [OK]     Residence Certificate           D:\ai_doc_automation\Test Data\Residence Certificate for Testing\ResidenceCertificate_172_page_0.png
2026-09-05 13:45:09,337  [INFO    ]  main -   [OK]     Residence Certificate           D:\ai_doc_automation\Test Data\Residence Certificate for Testing\ResidenceCertificate_173_page_0.png
2026-09-05 13:45:09,337  [INFO    ]  main -   [OK]     Residence Certificate           D:\ai_doc_automation\Test Data\Residence Certificate for Testing\ResidenceCertificate_174_page_0.png
2026-09-05 13:45:09,338  [INFO    ]  main -   [OK]     Residence Certificate           D:\ai_doc_automation\Test Data\Residence Certificate for Testing\ResidenceCertificate_175_page_0.png
2026-09-05 13:45:09,338  [INFO    ]  main -   [OK]     Residence Certificate           D:\ai_doc_automation\Test Data\Residence Certificate for Testing\ResidenceCertificate_176_page_0.png
2026-09-05 13:45:09,338  [INFO    ]  main -   [OK]     Residence Certificate           D:\ai_doc_automation\Test Data\Residence Certificate for Testing\ResidenceCertificate_177_page_0.png
2026-09-05 13:45:09,338  [INFO    ]  main -   [OK]     Residence Certificate           D:\ai_doc_automation\Test Data\Residence Certificate for Testing\ResidenceCertificate_178_page_0.png
2026-09-05 13:45:09,338  [INFO    ]  main -   [OK]     Residence Certificate           D:\ai_doc_automation\Test Data\Residence Certificate for Testing\ResidenceCertificate_179_page_0.png
2026-09-05 13:45:09,338  [INFO    ]  main -   [OK]     Residence Certificate           D:\ai_doc_automation\Test Data\Residence Certificate for Testing\ResidenceCertificate_180_page_0.png
2026-09-05 13:45:09,338  [INFO    ]  main -   [OK]     Residence Certificate           D:\ai_doc_automation\Test Data\Residence Certificate for Testing\ResidenceCertificate_181_page_0.png
2026-09-05 13:45:09,338  [INFO    ]  main -   [OK]     Residence Certificate           D:\ai_doc_automation\Test Data\Residence Certificate for Testing\ResidenceCertificate_182_page_0.png
2026-09-05 13:45:09,338  [INFO    ]  main -   [OK]     Residence Certificate           D:\ai_doc_automation\Test Data\Residence Certificate for Testing\ResidenceCertificate_183_page_0.png
2026-09-05 13:45:09,338  [INFO    ]  main -   [OK]     Residence Certificate           D:\ai_doc_automation\Test Data\Residence Certificate for Testing\ResidenceCertificate_184_page_0.png
2026-09-05 13:45:09,338  [INFO    ]  main -   [OK]     Residence Certificate           D:\ai_doc_automation\Test Data\Residence Certificate for Testing\ResidenceCertificate_185_page_0.png
2026-09-05 13:45:09,338  [INFO    ]  main -   [OK]     Residence Certificate           D:\ai_doc_automation\Test Data\Residence Certificate for Testing\ResidenceCertificate_186_page_0.png
2026-09-05 13:45:09,342  [INFO    ]  main -   [OK]     Residence Certificate           D:\ai_doc_automation\Test Data\Residence Certificate for Testing\ResidenceCertificate_187_page_0.png
2026-09-05 13:45:09,343  [INFO    ]  main -   [OK]     Residence Certificate           D:\ai_doc_automation\Test Data\Residence Certificate for Testing\ResidenceCertificate_188_page_0.png
2026-09-05 13:45:09,343  [INFO    ]  main -   [OK]     Residence Certificate           D:\ai_doc_automation\Test Data\Residence Certificate for Testing\ResidenceCertificate_189_page_0.png
2026-09-05 13:45:09,343  [INFO    ]  main -   [OK]     Residence Certificate           D:\ai_doc_automation\Test Data\Residence Certificate for Testing\ResidenceCertificate_190_page_0.png
2026-09-05 13:45:09,343  [INFO    ]  main -   [OK]     Residence Certificate           D:\ai_doc_automation\Test Data\Residence Certificate for Testing\ResidenceCertificate_191_page_0.png
2026-09-05 13:45:09,343  [INFO    ]  main -   [OK]     Residence Certificate           D:\ai_doc_automation\Test Data\Residence Certificate for Testing\ResidenceCertificate_192_page_0.png
2026-09-05 13:45:09,344  [INFO    ]  main -   [OK]     Residence Certificate           D:\ai_doc_automation\Test Data\Residence Certificate for Testing\ResidenceCertificate_193_page_0.png
2026-09-05 13:45:09,344  [INFO    ]  main -   [OK]     Residence Certificate           D:\ai_doc_automation\Test Data\Residence Certificate for Testing\ResidenceCertificate_194_page_0.png
2026-09-05 13:45:09,344  [INFO    ]  main -   [OK]     Residence Certificate           D:\ai_doc_automation\Test Data\Residence Certificate for Testing\ResidenceCertificate_195_page_0.png
2026-09-05 13:45:09,344  [INFO    ]  main -   [OK]     Residence Certificate           D:\ai_doc_automation\Test Data\Residence Certificate for Testing\ResidenceCertificate_196_page_0.png
2026-09-05 13:45:09,345  [INFO    ]  main -   [OK]     Residence Certificate           D:\ai_doc_automation\Test Data\Residence Certificate for Testing\ResidenceCertificate_197_page_0.png
2026-09-05 13:45:09,345  [INFO    ]  main -   [OK]     Residence Certificate           D:\ai_doc_automation\Test Data\Residence Certificate for Testing\ResidenceCertificate_198_page_0.png
2026-09-05 13:45:09,345  [INFO    ]  main -   [OK]     Residence Certificate           D:\ai_doc_automation\Test Data\Residence Certificate for Testing\ResidenceCertificate_199_page_0.png
2026-09-05 13:45:09,345  [INFO    ]  main -   [OK]     College Id                      D:\ai_doc_automation\Test Data\College Id for Testing\College Id CoverPage.pdf
2026-09-05 13:45:09,346  [INFO    ]  main -   [OK]     HIV Certificate                 D:\ai_doc_automation\Test Data\HIV Certificate for Testing\HIV Medical Certificate.pdf
2026-09-05 13:45:09,346  [INFO    ]  main -   [OK]     Vulnerable Tribal Certificate   D:\ai_doc_automation\Test Data\Vulnerable Tribal Certificate for Testing\Vulnerable Tribal Certificate.pdf
2026-09-05 13:45:09,346  [INFO    ]  main -   [OK]     Bonded Labour Certificate       D:\ai_doc_automation\Test Data\Bonded Labour Certificate for Testing\Bonded Labour Certificate.pdf
2026-09-05 13:45:09,346  [INFO    ]  main -   [OK]     Single Mother Certificate       D:\ai_doc_automation\Test Data\Single Mother Certificate for Testing\Single Mother Certificate.pdf
2026-09-05 13:45:09,346  [INFO    ]  main -   [OK]     Bank Passbook                   D:\ai_doc_automation\Test Data\Bank Passbook for Testing\Pass book.pdf
2026-09-05 13:45:09,346  [INFO    ]  main - 
[DRY RUN] Done.  Found: 444  |  Missing: 0
